<?xml version="1.0" encoding="UTF-8"?><mappingRoot xmlns="http://www.ibm.com/2008/ccl/Mapping" domainID="com.ibm.msl.mapping.xml" targetNamespace="http://RASAccess-ApplicationDB/xslt/getCancellationOption_Input_Map_req_1" version="8.0.4.0" xmlns:map="http://RASAccess-ApplicationDB/xslt/getCancellationOption_Input_Map_req_1">
    <input correlationContext="" message="{http://TicketDomain-v1.0.0/RetrieveMasters}getCancOptionRequestMsg" sharedContext="" smoName="wsdl-primary" transientContext="" type="smo" types="" xpath="/body"/>
    <output correlationContext="" message="{http://Access-ApplicationDB/DBInterface}retrieveallCancellationOptionBGRequestMsg" sharedContext="" smoName="wsdl-primary" transientContext="" type="smo" types="" xpath="/body"/>
    <imports>
        <import kind="java" location="com.org.aig.tataaig.ToUpperCase" namespace="xalan://com.org.aig.tataaig.ToUpperCase"/>
    </imports>
    <namespaces>
        <namespace kind="supplement" prefix="in2" uri="http://RACASBO"/>
        <namespace kind="supplement" prefix="in3" uri="wsdl.http://TicketDomain-v1.0.0/RetrieveMasters"/>
        <namespace kind="supplement" prefix="io5" uri="http://www.ibm.com/xmlns/prod/websphere/mq/sca/6.0.0"/>
        <namespace kind="supplement" prefix="io4" uri="http://www.ibm.com/xmlns/prod/websphere/http/sca/6.1.0"/>
        <namespace kind="supplement" prefix="io3" uri="http://www.ibm.com/websphere/sibx/smo/v6.0.1"/>
        <namespace kind="supplement" prefix="io2" uri="http://www.w3.org/2003/05/soap-envelope"/>
        <namespace kind="supplement" prefix="io6" uri="http://www.w3.org/2005/08/addressing"/>
        <namespace kind="supplement" prefix="in" uri="http://TicketDomain-v1.0.0/RetrieveMasters"/>
        <namespace kind="supplement" prefix="io" uri="http://schemas.xmlsoap.org/ws/2004/08/addressing"/>
        <namespace kind="supplement" prefix="out343" uri="http://www.ibm.com/xmlns/prod/websphere/j2ca/jdbc/dboras_excess_refund_draftupdateallinputbg"/>
        <namespace kind="supplement" prefix="out344" uri="http://www.ibm.com/xmlns/prod/websphere/j2ca/jdbc/dboras_account_detailbg"/>
        <namespace kind="supplement" prefix="out345" uri="http://www.ibm.com/xmlns/prod/websphere/j2ca/jdbc/ticketdetailsbg"/>
        <namespace kind="supplement" prefix="out346" uri="http://www.ibm.com/xmlns/prod/websphere/j2ca/jdbc/dboras_bulk_file_logupdateallinputbg"/>
        <namespace kind="supplement" prefix="out340" uri="http://www.ibm.com/xmlns/prod/websphere/j2ca/jdbc/dboras_account_masterbg"/>
        <namespace kind="supplement" prefix="out341" uri="http://www.ibm.com/xmlns/prod/websphere/j2ca/jdbc/dboras_user_details"/>
        <namespace kind="supplement" prefix="out342" uri="http://www.ibm.com/xmlns/prod/websphere/j2ca/jdbc/updateexcessrefunddraftid"/>
        <namespace kind="supplement" prefix="out347" uri="http://www.ibm.com/xmlns/prod/websphere/j2ca/jdbc/documentmatrixcontainer"/>
        <namespace kind="supplement" prefix="out348" uri="http://www.ibm.com/xmlns/prod/websphere/j2ca/jdbc/dboras_bank_detailslist"/>
        <namespace kind="supplement" prefix="out349" uri="http://www.ibm.com/xmlns/prod/websphere/bo/6.0.0"/>
        <namespace kind="supplement" prefix="out334" uri="http://www.ibm.com/xmlns/prod/websphere/j2ca/jdbc/dboras_excess_refund_draftcontainer"/>
        <namespace kind="supplement" prefix="out335" uri="http://www.ibm.com/xmlns/prod/websphere/j2ca/jdbc/dboras_document_master"/>
        <namespace kind="supplement" prefix="out332" uri="http://www.ibm.com/xmlns/prod/websphere/j2ca/jdbc/dboras_jobsbatchresult"/>
        <namespace kind="supplement" prefix="out333" uri="http://www.ibm.com/xmlns/prod/websphere/j2ca/jdbc/dboras_account_detailbatchresult"/>
        <namespace kind="supplement" prefix="out330" uri="http://www.ibm.com/xmlns/prod/websphere/j2ca/jdbc/dboras_icrm_service_responsecontainer"/>
        <namespace kind="supplement" prefix="out331" uri="http://www.ibm.com/xmlns/prod/websphere/j2ca/jdbc/dboras_valid_proposal_statusbatchresult"/>
        <namespace kind="supplement" prefix="out338" uri="http://www.ibm.com/xmlns/prod/websphere/j2ca/jdbc/dboras_account_masterupdateallinputbg"/>
        <namespace kind="supplement" prefix="out339" uri="http://www.ibm.com/xmlns/prod/websphere/j2ca/jdbc/dboras_jobslist"/>
        <namespace kind="supplement" prefix="out336" uri="http://www.ibm.com/xmlns/prod/websphere/j2ca/jdbc/dboras_productlist"/>
        <namespace kind="supplement" prefix="out337" uri="http://www.ibm.com/xmlns/prod/websphere/j2ca/jdbc/dboras_work_schedulelistbg"/>
        <namespace kind="supplement" prefix="out320" uri="http://www.ibm.com/xmlns/prod/websphere/j2ca/jdbc/dboras_reverse_feed_status_masterupdateallinputbg"/>
        <namespace kind="supplement" prefix="out321" uri="http://www.ibm.com/xmlns/prod/websphere/j2ca/jdbc/dboras_cancellation_reasonlistbg"/>
        <namespace kind="supplement" prefix="out322" uri="http://www.ibm.com/xmlns/prod/websphere/j2ca/jdbc/cancellationoptioncontainer"/>
        <namespace kind="supplement" prefix="out323" uri="http://www.ibm.com/xmlns/prod/websphere/j2ca/jdbc/draftticketidcontainer"/>
        <namespace kind="supplement" prefix="out324" uri="http://www.ibm.com/xmlns/prod/websphere/j2ca/jdbc/dboras_bops_channel_ntid_configupdateallinput"/>
        <namespace kind="supplement" prefix="out325" uri="http://www.ibm.com/xmlns/prod/websphere/j2ca/jdbc/dboras_lobcontainer"/>
        <namespace kind="supplement" prefix="out326" uri="http://www.ibm.com/xmlns/prod/websphere/j2ca/jdbc/dboras_report_accessupdateallinput"/>
        <namespace kind="supplement" prefix="out327" uri="http://www.ibm.com/xmlns/prod/websphere/j2ca/jdbc/dboras_productupdateallinputbg"/>
        <namespace kind="supplement" prefix="out328" uri="http://www.ibm.com/xmlns/prod/websphere/j2ca/jdbc/dboras_receipt_detaillist"/>
        <namespace kind="supplement" prefix="out329" uri="http://www.ibm.com/xmlns/prod/websphere/j2ca/jdbc/dboras_approver"/>
        <namespace kind="supplement" prefix="out312" uri="http://www.ibm.com/xmlns/prod/websphere/j2ca/jdbc/updatedrafterrordetailsbg"/>
        <namespace kind="supplement" prefix="out313" uri="http://www.ibm.com/xmlns/prod/websphere/j2ca/jdbc/dboras_work_scheduleupdateallinput"/>
        <namespace kind="supplement" prefix="out310" uri="http://www.ibm.com/xmlns/prod/websphere/j2ca/jdbc/dboras_productupdateallinput"/>
        <namespace kind="supplement" prefix="out311" uri="http://www.ibm.com/xmlns/prod/websphere/j2ca/jdbc/dboras_ticket_documentslist"/>
        <namespace kind="supplement" prefix="out316" uri="http://www.ibm.com/xmlns/prod/websphere/j2ca/jdbc/dboras_cancellation_optionbg"/>
        <namespace kind="supplement" prefix="out317" uri="http://www.ibm.com/xmlns/prod/websphere/j2ca/jdbc/dboras_excess_refund_servicecontainer"/>
        <namespace kind="supplement" prefix="out314" uri="http://www.ibm.com/xmlns/prod/websphere/j2ca/jdbc/gctransactionidcontainer"/>
        <namespace kind="supplement" prefix="out315" uri="http://www.ibm.com/xmlns/prod/websphere/j2ca/jdbc/dboras_icrm_service_responsebatchresult"/>
        <namespace kind="supplement" prefix="out318" uri="http://www.ibm.com/xmlns/prod/websphere/j2ca/jdbc/dboras_holiday_schedulecontainer"/>
        <namespace kind="supplement" prefix="out319" uri="http://www.ibm.com/xmlns/prod/websphere/j2ca/jdbc/product"/>
        <namespace kind="supplement" prefix="out308" uri="http://www.ibm.com/xmlns/prod/websphere/j2ca/jdbc/dboras_statuslist"/>
        <namespace kind="supplement" prefix="out307" uri="http://www.ibm.com/xmlns/prod/websphere/j2ca/jdbc/dboras_reverse_feed_status_masterlistbg"/>
        <namespace kind="supplement" prefix="out309" uri="http://www.ibm.com/xmlns/prod/websphere/j2ca/jdbc/productbg"/>
        <namespace kind="supplement" prefix="out304" uri="http://www.ibm.com/xmlns/prod/websphere/j2ca/jdbc/dboras_account_masterupdateallinput"/>
        <namespace kind="supplement" prefix="out303" uri="http://www.ibm.com/xmlns/prod/websphere/j2ca/jdbc/dboras_excess_refund_reverse_feedlistbg"/>
        <namespace kind="supplement" prefix="out401" uri="http://www.ibm.com/xmlns/prod/websphere/j2ca/jdbc/dboras_ticketcontainer"/>
        <namespace kind="supplement" prefix="out306" uri="http://www.ibm.com/xmlns/prod/websphere/j2ca/jdbc/dboras_bops_channel_ntid_configcontainer"/>
        <namespace kind="supplement" prefix="out400" uri="http://www.ibm.com/xmlns/prod/websphere/j2ca/jdbc/dboras_holiday_schedulelistbg"/>
        <namespace kind="supplement" prefix="out305" uri="http://www.ibm.com/xmlns/prod/websphere/j2ca/jdbc/dboras_insuredlistbg"/>
        <namespace kind="supplement" prefix="out403" uri="http://www.ibm.com/xmlns/prod/websphere/j2ca/jdbc/dboras_statusupdateallinputbg"/>
        <namespace kind="supplement" prefix="out300" uri="http://www.ibm.com/xmlns/prod/websphere/j2ca/jdbc/dboras_lobupdateallinput"/>
        <namespace kind="supplement" prefix="out402" uri="http://www.ibm.com/xmlns/prod/websphere/j2ca/jdbc/dboras_error_code_masterlistbg"/>
        <namespace kind="supplement" prefix="out405" uri="http://www.ibm.com/xmlns/prod/websphere/j2ca/jdbc/dboras_icrm_service_responseupdateallinputbg"/>
        <namespace kind="supplement" prefix="out302" uri="http://www.ibm.com/xmlns/prod/websphere/j2ca/jdbc/dboras_reverse_feed_status_masterupdateallinput"/>
        <namespace kind="supplement" prefix="out404" uri="http://www.ibm.com/xmlns/prod/websphere/j2ca/jdbc/policydetailsbg"/>
        <namespace kind="supplement" prefix="out301" uri="http://www.ibm.com/xmlns/prod/websphere/j2ca/jdbc/dboras_excess_refund_draft"/>
        <namespace kind="supplement" prefix="out406" uri="http://www.ibm.com/xmlns/prod/websphere/j2ca/jdbc/dboras_approverlist"/>
        <namespace kind="supplement" prefix="out101" uri="http://www.ibm.com/xmlns/prod/websphere/j2ca/jdbc/dboras_insuredbatchresult"/>
        <namespace kind="supplement" prefix="out204" uri="http://Access-ApplicationDB/DBInterface"/>
        <namespace kind="supplement" prefix="out102" uri="http://www.ibm.com/xmlns/prod/websphere/j2ca/jdbc/dboras_ticketupdateallinputbg"/>
        <namespace kind="supplement" prefix="out205" uri="http://www.ibm.com/xmlns/prod/websphere/j2ca/jdbc/dboras_excess_refund_reverse_feedcontainer"/>
        <namespace kind="supplement" prefix="out103" uri="http://www.ibm.com/xmlns/prod/websphere/j2ca/jdbc/refunddetails"/>
        <namespace kind="supplement" prefix="out206" uri="http://www.ibm.com/xmlns/prod/websphere/j2ca/jdbc/dboras_app_configlist"/>
        <namespace kind="supplement" prefix="out104" uri="http://www.ibm.com/xmlns/prod/websphere/j2ca/jdbc/cancellationreasonbg"/>
        <namespace kind="supplement" prefix="out207" uri="http://www.ibm.com/xmlns/prod/websphere/j2ca/jdbc/dboras_account_detail_histupdateallinputbg"/>
        <namespace kind="supplement" prefix="out208" uri="http://www.ibm.com/xmlns/prod/websphere/j2ca/jdbc/dboras_productbg"/>
        <namespace kind="supplement" prefix="out209" uri="http://www.ibm.com/xmlns/prod/websphere/j2ca/jdbc/dboras_excess_refund_draftlistbg"/>
        <namespace kind="supplement" prefix="out100" uri="http://www.ibm.com/xmlns/prod/websphere/j2ca/jdbc/dboras_exception_histcontainer"/>
        <namespace kind="supplement" prefix="out109" uri="http://www.ibm.com/xmlns/prod/websphere/j2ca/jdbc/dboras_productcontainer"/>
        <namespace kind="supplement" prefix="out105" uri="http://www.ibm.com/xmlns/prod/websphere/j2ca/jdbc/dboras_account_detailcontainer"/>
        <namespace kind="supplement" prefix="out200" uri="http://www.ibm.com/xmlns/prod/websphere/j2ca/jdbc/dboras_bulk_file_loglistbg"/>
        <namespace kind="supplement" prefix="out106" uri="http://www.ibm.com/xmlns/prod/websphere/j2ca/jdbc/dboras_excess_refund_service"/>
        <namespace kind="supplement" prefix="out201" uri="http://www.ibm.com/xmlns/prod/websphere/j2ca/jdbc/dboras_work_schedulelist"/>
        <namespace kind="supplement" prefix="out107" uri="http://www.ibm.com/xmlns/prod/websphere/j2ca/jdbc/dboras_excess_refund_servicelist"/>
        <namespace kind="supplement" prefix="out202" uri="http://www.ibm.com/xmlns/prod/websphere/j2ca/jdbc/dboras_receipt_detailbg"/>
        <namespace kind="supplement" prefix="out108" uri="http://www.ibm.com/xmlns/prod/websphere/j2ca/jdbc/dboras_loblist"/>
        <namespace kind="supplement" prefix="out203" uri="http://www.ibm.com/xmlns/prod/websphere/j2ca/jdbc/dboras_error_code_mastercontainer"/>
        <namespace kind="supplement" prefix="out226" uri="http://www.ibm.com/xmlns/prod/websphere/j2ca/jdbc/dboras_user_detailscontainer"/>
        <namespace kind="supplement" prefix="out227" uri="http://www.ibm.com/xmlns/prod/websphere/j2ca/jdbc/gctransactiondetails"/>
        <namespace kind="supplement" prefix="out228" uri="http://www.ibm.com/xmlns/prod/websphere/j2ca/jdbc/dboras_ticket_histbatchresult"/>
        <namespace kind="supplement" prefix="out229" uri="http://www.ibm.com/xmlns/prod/websphere/j2ca/jdbc/dboras_scheduler_statusbatchresult"/>
        <namespace kind="supplement" prefix="out222" uri="http://www.ibm.com/xmlns/prod/websphere/j2ca/jdbc/dboras_receipt_detail"/>
        <namespace kind="supplement" prefix="out223" uri="http://www.ibm.com/xmlns/prod/websphere/j2ca/jdbc/dboras_account_masterlistbg"/>
        <namespace kind="supplement" prefix="out224" uri="http://www.ibm.com/xmlns/prod/websphere/j2ca/jdbc/dboras_valid_proposal_statuslist"/>
        <namespace kind="supplement" prefix="out225" uri="http://www.ibm.com/xmlns/prod/websphere/j2ca/jdbc/dboras_error_code_masterbg"/>
        <namespace kind="supplement" prefix="out220" uri="http://www.ibm.com/xmlns/prod/websphere/j2ca/jdbc/updateexcessrefunddraftbg"/>
        <namespace kind="supplement" prefix="out221" uri="http://www.ibm.com/xmlns/prod/websphere/j2ca/jdbc/appconfigcontainer"/>
        <namespace kind="supplement" prefix="out219" uri="http://www.ibm.com/xmlns/prod/websphere/j2ca/jdbc/dboras_statuscontainer"/>
        <namespace kind="supplement" prefix="out217" uri="http://www.ibm.com/xmlns/prod/websphere/j2ca/jdbc/dboras_exception_histbatchresult"/>
        <namespace kind="supplement" prefix="out218" uri="http://www.ibm.com/xmlns/prod/websphere/j2ca/jdbc/dboras_excess_refund_draftupdateallinput"/>
        <namespace kind="supplement" prefix="out215" uri="http://www.ibm.com/xmlns/prod/websphere/j2ca/jdbc/dboras_account_detail_histlistbg"/>
        <namespace kind="supplement" prefix="out216" uri="http://www.ibm.com/xmlns/prod/websphere/j2ca/jdbc/dboras_refundupdateallinput"/>
        <namespace kind="supplement" prefix="out213" uri="http://www.ibm.com/xmlns/prod/websphere/j2ca/jdbc/dboras_ticket_documentsbatchresult"/>
        <namespace kind="supplement" prefix="out214" uri="http://www.ibm.com/xmlns/prod/websphere/j2ca/jdbc/dboras_bops_channel_ntid_configlist"/>
        <namespace kind="supplement" prefix="out211" uri="http://www.ibm.com/xmlns/prod/websphere/j2ca/jdbc/dboras_report_accessupdateallinputbg"/>
        <namespace kind="supplement" prefix="out212" uri="http://www.ibm.com/xmlns/prod/websphere/j2ca/jdbc/dboras_jobsbg"/>
        <namespace kind="supplement" prefix="out210" uri="http://www.ibm.com/xmlns/prod/websphere/j2ca/jdbc/dboras_approval_gridlistbg"/>
        <namespace kind="supplement" prefix="out11" uri="http://www.ibm.com/xmlns/prod/websphere/j2ca/jdbc/dboras_jobs"/>
        <namespace kind="supplement" prefix="out12" uri="http://www.ibm.com/xmlns/prod/websphere/j2ca/jdbc/bopschannelntidconfigcontainer"/>
        <namespace kind="supplement" prefix="out10" uri="http://www.ibm.com/xmlns/prod/websphere/j2ca/jdbc/dboras_cancellation_option"/>
        <namespace kind="supplement" prefix="out19" uri="http://www.ibm.com/xmlns/prod/websphere/j2ca/jdbc/dboras_cancellation_reasonupdateallinput"/>
        <namespace kind="supplement" prefix="out18" uri="http://www.ibm.com/xmlns/prod/websphere/j2ca/jdbc/draftticketbg"/>
        <namespace kind="supplement" prefix="out17" uri="http://www.ibm.com/xmlns/prod/websphere/j2ca/jdbc/dboras_refund_histupdateallinputbg"/>
        <namespace kind="supplement" prefix="out16" uri="http://www.ibm.com/xmlns/prod/websphere/j2ca/jdbc/dboras_insuredupdateallinput"/>
        <namespace kind="supplement" prefix="out15" uri="http://www.ibm.com/xmlns/prod/websphere/j2ca/jdbc/dboras_document_masterupdateallinput"/>
        <namespace kind="supplement" prefix="out14" uri="http://www.ibm.com/xmlns/prod/websphere/j2ca/jdbc/dboras_exception_histupdateallinput"/>
        <namespace kind="supplement" prefix="out13" uri="http://www.ibm.com/xmlns/prod/websphere/j2ca/jdbc/accountdetailscontainer"/>
        <namespace kind="supplement" prefix="out7" uri="http://com/ibm/j2ca/fault"/>
        <namespace kind="supplement" prefix="out6" uri="http://www.ibm.com/xmlns/prod/websphere/j2ca/jdbc/cancellationoptionbg"/>
        <namespace kind="supplement" prefix="out9" uri="http://www.ibm.com/xmlns/prod/websphere/j2ca/jdbc/dboras_uploaded_filecontainer"/>
        <namespace kind="supplement" prefix="out8" uri="http://www.ibm.com/xmlns/prod/websphere/j2ca/jdbc/dboras_holiday_scheduleupdateallinput"/>
        <namespace kind="supplement" prefix="out48" uri="http://www.ibm.com/xmlns/prod/websphere/j2ca/jdbc/dboras_uploaded_filebg"/>
        <namespace kind="supplement" prefix="out3" uri="http://www.ibm.com/xmlns/prod/websphere/j2ca/jdbc/dboras_bops_channel_ntid_configlistbg"/>
        <namespace kind="supplement" prefix="out2" uri="http://www.ibm.com/xmlns/prod/websphere/j2ca/jdbc/dboras_refund_histcontainer"/>
        <namespace kind="supplement" prefix="out49" uri="http://www.ibm.com/xmlns/prod/websphere/j2ca/jdbc/dboras_bulk_file_logbg"/>
        <namespace kind="supplement" prefix="out46" uri="http://www.ibm.com/xmlns/prod/websphere/j2ca/jdbc/reversefeed"/>
        <namespace kind="supplement" prefix="out5" uri="http://www.ibm.com/xmlns/prod/websphere/j2ca/jdbc/dboras_exception_histupdateallinputbg"/>
        <namespace kind="supplement" prefix="out47" uri="http://www.ibm.com/xmlns/prod/websphere/j2ca/jdbc/dboras_cancellation_reasonupdateallinputbg"/>
        <namespace kind="supplement" prefix="out4" uri="http://www.ibm.com/xmlns/prod/websphere/j2ca/jdbc/bankdetails"/>
        <namespace kind="supplement" prefix="out41" uri="http://www.ibm.com/xmlns/prod/websphere/j2ca/jdbc/dboras_refund_histupdateallinput"/>
        <namespace kind="supplement" prefix="out40" uri="http://www.ibm.com/xmlns/prod/websphere/j2ca/jdbc/appconfig"/>
        <namespace kind="supplement" prefix="out45" uri="http://www.ibm.com/xmlns/prod/websphere/j2ca/jdbc/updateappconfig"/>
        <namespace kind="supplement" prefix="out199" uri="http://www.ibm.com/xmlns/prod/websphere/j2ca/jdbc/dboras_refund_histlist"/>
        <namespace kind="supplement" prefix="out44" uri="http://www.ibm.com/xmlns/prod/websphere/j2ca/jdbc/dboras_document_masterbatchresult"/>
        <namespace kind="supplement" prefix="out198" uri="http://www.ibm.com/xmlns/prod/websphere/j2ca/jdbc/reversefeedidcontainer"/>
        <namespace kind="supplement" prefix="out43" uri="http://www.ibm.com/xmlns/prod/websphere/j2ca/jdbc/dboras_valid_proposal_statusbg"/>
        <namespace kind="supplement" prefix="out197" uri="http://www.ibm.com/xmlns/prod/websphere/j2ca/jdbc/dboras_exception_histlistbg"/>
        <namespace kind="supplement" prefix="out42" uri="http://www.ibm.com/xmlns/prod/websphere/j2ca/jdbc/dboras_cancellation_optioncontainer"/>
        <namespace kind="supplement" prefix="out196" uri="http://www.ibm.com/xmlns/prod/websphere/j2ca/jdbc/dboras_ticketlistbg"/>
        <namespace kind="supplement" prefix="out57" uri="http://www.ibm.com/xmlns/prod/websphere/j2ca/jdbc/draftnocontainer"/>
        <namespace kind="supplement" prefix="out58" uri="http://www.ibm.com/xmlns/prod/websphere/j2ca/jdbc/dboras_cancellation_reasoncontainer"/>
        <namespace kind="supplement" prefix="out59" uri="http://www.ibm.com/xmlns/prod/websphere/j2ca/jdbc/dboras_error_code_master"/>
        <namespace kind="supplement" prefix="out50" uri="http://www.ibm.com/xmlns/prod/websphere/j2ca/jdbc/dboras_scheduler_status"/>
        <namespace kind="supplement" prefix="out52" uri="http://www.ibm.com/xmlns/prod/websphere/j2ca/jdbc/cancellationreason"/>
        <namespace kind="supplement" prefix="out51" uri="http://www.ibm.com/xmlns/prod/websphere/j2ca/jdbc/dboras_user_detailsbatchresult"/>
        <namespace kind="supplement" prefix="out54" uri="http://www.ibm.com/xmlns/prod/websphere/j2ca/jdbc/reversefeedstatuscontainer"/>
        <namespace kind="supplement" prefix="out53" uri="http://www.ibm.com/xmlns/prod/websphere/j2ca/jdbc/dboras_valid_proposal_statusupdateallinput"/>
        <namespace kind="supplement" prefix="out56" uri="http://www.ibm.com/xmlns/prod/websphere/j2ca/jdbc/dboras_gc_transactionbg"/>
        <namespace kind="supplement" prefix="out55" uri="http://www.ibm.com/xmlns/prod/websphere/j2ca/jdbc/dboras_uploaded_file"/>
        <namespace kind="supplement" prefix="out28" uri="http://com/ibm/j2ca/fault/afcfault"/>
        <namespace kind="supplement" prefix="out29" uri="http://www.ibm.com/xmlns/prod/websphere/j2ca/jdbc/dboras_account_detail_histbg"/>
        <namespace kind="supplement" prefix="out26" uri="http://www.ibm.com/xmlns/prod/websphere/j2ca/jdbc/dboras_report_accessbg"/>
        <namespace kind="supplement" prefix="out27" uri="http://www.ibm.com/xmlns/prod/websphere/j2ca/jdbc/dboras_gc_transactionlistbg"/>
        <namespace kind="supplement" prefix="out24" uri="http://www.ibm.com/xmlns/prod/websphere/j2ca/jdbc/dboras_cancellation_reasonbg"/>
        <namespace kind="supplement" prefix="out25" uri="http://www.ibm.com/xmlns/prod/websphere/j2ca/jdbc/dboras_user_detailsbg"/>
        <namespace kind="supplement" prefix="out23" uri="http://www.ibm.com/xmlns/prod/websphere/j2ca/jdbc/ticketdetailscontainer"/>
        <namespace kind="supplement" prefix="out22" uri="http://www.ibm.com/xmlns/prod/websphere/j2ca/jdbc/dboras_bank_detailscontainer"/>
        <namespace kind="supplement" prefix="out21" uri="http://www.ibm.com/xmlns/prod/websphere/j2ca/jdbc/dboras_valid_proposal_statuscontainer"/>
        <namespace kind="supplement" prefix="out20" uri="http://www.ibm.com/xmlns/prod/websphere/j2ca/jdbc/receiptdetailscontainer"/>
        <namespace kind="supplement" prefix="out39" uri="http://www.ibm.com/xmlns/prod/websphere/j2ca/jdbc/dboras_approverupdateallinputbg"/>
        <namespace kind="supplement" prefix="out35" uri="http://www.ibm.com/xmlns/prod/websphere/j2ca/jdbc/dboras_error_code_masterlist"/>
        <namespace kind="supplement" prefix="out36" uri="http://www.ibm.com/xmlns/prod/websphere/j2ca/jdbc/dboras_ticket_documents"/>
        <namespace kind="supplement" prefix="out37" uri="http://www.ibm.com/xmlns/prod/websphere/j2ca/jdbc/dboras_gc_transactionupdateallinput"/>
        <namespace kind="supplement" prefix="out38" uri="http://www.ibm.com/xmlns/prod/websphere/j2ca/jdbc/dboras_work_schedulebg"/>
        <namespace kind="supplement" prefix="out32" uri="http://www.ibm.com/xmlns/prod/websphere/j2ca/jdbc/dboras_account_detail_histlist"/>
        <namespace kind="supplement" prefix="out31" uri="http://www.ibm.com/xmlns/prod/websphere/j2ca/jdbc/dboras_ticket_hist"/>
        <namespace kind="supplement" prefix="out34" uri="http://www.ibm.com/xmlns/prod/websphere/j2ca/jdbc/dboras_bank_detailslistbg"/>
        <namespace kind="supplement" prefix="out33" uri="http://www.ibm.com/xmlns/prod/websphere/j2ca/jdbc/dboras_jobsupdateallinputbg"/>
        <namespace kind="supplement" prefix="out30" uri="http://www.ibm.com/xmlns/prod/websphere/j2ca/jdbc/bankdetailscontainer"/>
        <namespace kind="supplement" prefix="out80" uri="http://www.ibm.com/xmlns/prod/websphere/j2ca/jdbc/dboras_app_configbatchresult"/>
        <namespace kind="supplement" prefix="out81" uri="http://www.ibm.com/xmlns/prod/websphere/j2ca/jdbc/dboras_ticketlist"/>
        <namespace kind="supplement" prefix="out84" uri="http://www.ibm.com/xmlns/prod/websphere/j2ca/jdbc/dboras_ticket"/>
        <namespace kind="supplement" prefix="out85" uri="http://www.ibm.com/xmlns/prod/websphere/j2ca/jdbc/dboras_approval_gridcontainer"/>
        <namespace kind="supplement" prefix="out82" uri="http://www.ibm.com/xmlns/prod/websphere/j2ca/jdbc/dboras_account_detail_histbatchresult"/>
        <namespace kind="supplement" prefix="out83" uri="http://www.ibm.com/xmlns/prod/websphere/j2ca/jdbc/dboras_refund_histlistbg"/>
        <namespace kind="supplement" prefix="out88" uri="http://www.ibm.com/xmlns/prod/websphere/j2ca/jdbc/dboras_jobslistbg"/>
        <namespace kind="supplement" prefix="out89" uri="http://www.ibm.com/xmlns/prod/websphere/j2ca/jdbc/dboras_exception_histlist"/>
        <namespace kind="supplement" prefix="out86" uri="http://www.ibm.com/xmlns/prod/websphere/j2ca/jdbc/dboras_icrm_service_responselist"/>
        <namespace kind="supplement" prefix="out87" uri="http://www.ibm.com/xmlns/prod/websphere/j2ca/jdbc/dboras_bulk_file_logbatchresult"/>
        <namespace kind="supplement" prefix="out90" uri="http://www.ibm.com/xmlns/prod/websphere/j2ca/jdbc/dboras_report_access"/>
        <namespace kind="supplement" prefix="out91" uri="http://www.ibm.com/xmlns/prod/websphere/j2ca/jdbc/dboras_productlistbg"/>
        <namespace kind="supplement" prefix="out92" uri="http://www.ibm.com/xmlns/prod/websphere/j2ca/jdbc/dboras_uploaded_filelist"/>
        <namespace kind="supplement" prefix="out93" uri="http://www.ibm.com/xmlns/prod/websphere/j2ca/jdbc/dboras_policy_detailupdateallinput"/>
        <namespace kind="supplement" prefix="out94" uri="http://www.ibm.com/xmlns/prod/websphere/j2ca/jdbc/reversefeedidbg"/>
        <namespace kind="supplement" prefix="out95" uri="http://www.ibm.com/xmlns/prod/websphere/j2ca/jdbc/dboras_excess_refund_servicebg"/>
        <namespace kind="supplement" prefix="out96" uri="http://www.ibm.com/xmlns/prod/websphere/j2ca/jdbc/dboras_policy_detail"/>
        <namespace kind="supplement" prefix="out97" uri="http://www.ibm.com/xmlns/prod/websphere/j2ca/jdbc/dboras_excess_refund_draftbatchresult"/>
        <namespace kind="supplement" prefix="out98" uri="http://www.ibm.com/xmlns/prod/websphere/j2ca/jdbc/dboras_ticketupdateallinput"/>
        <namespace kind="supplement" prefix="out99" uri="http://www.ibm.com/xmlns/prod/websphere/j2ca/jdbc/dboras_insuredcontainer"/>
        <namespace kind="supplement" prefix="out69" uri="http://www.ibm.com/xmlns/prod/websphere/j2ca/jdbc/gctransactionid"/>
        <namespace kind="supplement" prefix="out68" uri="http://www.ibm.com/xmlns/prod/websphere/j2ca/jdbc/dboras_approval_gridupdateallinput"/>
        <namespace kind="supplement" prefix="out66" uri="http://www.ibm.com/xmlns/prod/websphere/j2ca/jdbc/dboras_work_scheduleupdateallinputbg"/>
        <namespace kind="supplement" prefix="out67" uri="http://www.ibm.com/xmlns/prod/websphere/j2ca/jdbc/dboras_account_mastercontainer"/>
        <namespace kind="supplement" prefix="out64" uri="http://www.ibm.com/xmlns/prod/websphere/j2ca/jdbc/dboras_cancellation_optionbatchresult"/>
        <namespace kind="supplement" prefix="out65" uri="http://www.ibm.com/xmlns/prod/websphere/j2ca/jdbc/dboras_bops_channel_ntid_configbatchresult"/>
        <namespace kind="supplement" prefix="out62" uri="http://www.ibm.com/xmlns/prod/websphere/j2ca/jdbc/dboras_error_code_masterupdateallinputbg"/>
        <namespace kind="supplement" prefix="out63" uri="http://www.ibm.com/xmlns/prod/websphere/j2ca/jdbc/reversefeedbg"/>
        <namespace kind="supplement" prefix="out60" uri="http://www.ibm.com/xmlns/prod/websphere/j2ca/jdbc/dboras_refundbg"/>
        <namespace kind="supplement" prefix="out61" uri="http://www.ibm.com/xmlns/prod/websphere/j2ca/jdbc/draftidbg"/>
        <namespace kind="supplement" prefix="out79" uri="http://www.ibm.com/xmlns/prod/websphere/j2ca/jdbc/dboras_app_configbg"/>
        <namespace kind="supplement" prefix="out70" uri="http://www.ibm.com/xmlns/prod/websphere/j2ca/jdbc/dboras_reverse_feed_status_masterlist"/>
        <namespace kind="supplement" prefix="out75" uri="http://www.ibm.com/xmlns/prod/websphere/j2ca/jdbc/updateexcessrefundreversefeed"/>
        <namespace kind="supplement" prefix="out76" uri="http://www.ibm.com/xmlns/prod/websphere/j2ca/jdbc/dboras_bops_channel_ntid_configbg"/>
        <namespace kind="supplement" prefix="out77" uri="http://www.ibm.com/xmlns/prod/websphere/j2ca/jdbc/dboras_refundupdateallinputbg"/>
        <namespace kind="supplement" prefix="out78" uri="http://www.ibm.com/xmlns/prod/websphere/j2ca/jdbc/dboras_reverse_feed_status_masterbg"/>
        <namespace kind="supplement" prefix="out71" uri="http://www.ibm.com/xmlns/prod/websphere/j2ca/jdbc/dboras_policy_detailbatchresult"/>
        <namespace kind="supplement" prefix="out72" uri="http://www.ibm.com/xmlns/prod/websphere/j2ca/jdbc/dboras_approval_grid"/>
        <namespace kind="supplement" prefix="out73" uri="http://www.ibm.com/xmlns/prod/websphere/j2ca/jdbc/dboras_gc_transactionlist"/>
        <namespace kind="supplement" prefix="out" uri="http://www.ibm.com/xmlns/prod/websphere/j2ca/jdbc/dboras_app_configcontainer"/>
        <namespace kind="supplement" prefix="out74" uri="http://www.ibm.com/xmlns/prod/websphere/j2ca/jdbc/dboras_reverse_feed_status_master"/>
        <namespace kind="supplement" prefix="out113" uri="wsdl.http://Access-ApplicationDB/DBInterface"/>
        <namespace kind="supplement" prefix="out112" uri="http://www.ibm.com/xmlns/prod/websphere/j2ca/jdbc/dboras_work_schedulebatchresult"/>
        <namespace kind="supplement" prefix="out115" uri="http://www.ibm.com/xmlns/prod/websphere/j2ca/jdbc/dboras_report_accesslistbg"/>
        <namespace kind="supplement" prefix="out114" uri="http://www.ibm.com/xmlns/prod/websphere/j2ca/jdbc/updateexcessrefunddraft"/>
        <namespace kind="supplement" prefix="out111" uri="http://www.ibm.com/xmlns/prod/websphere/j2ca/jdbc/dboras_user_detailslistbg"/>
        <namespace kind="supplement" prefix="out110" uri="http://www.ibm.com/xmlns/prod/websphere/j2ca/jdbc/dboras_excess_refund_servicebatchresult"/>
        <namespace kind="supplement" prefix="out117" uri="http://www.ibm.com/xmlns/prod/websphere/j2ca/jdbc/updatedrafterrordetails"/>
        <namespace kind="supplement" prefix="out116" uri="http://www.ibm.com/xmlns/prod/websphere/j2ca/jdbc/dboras_account_masterlist"/>
        <namespace kind="supplement" prefix="out119" uri="http://www.ibm.com/xmlns/prod/websphere/j2ca/jdbc/dboras_scheduler_statuslist"/>
        <namespace kind="supplement" prefix="out118" uri="http://www.ibm.com/xmlns/prod/websphere/j2ca/jdbc/dboras_account_detail"/>
        <namespace kind="supplement" prefix="out295" uri="http://www.ibm.com/xmlns/prod/websphere/j2ca/jdbc/dboras_excess_refund_draftbg"/>
        <namespace kind="supplement" prefix="out296" uri="http://www.ibm.com/xmlns/prod/websphere/j2ca/jdbc/updateexcessrefundservice"/>
        <namespace kind="supplement" prefix="out297" uri="http://www.ibm.com/xmlns/prod/websphere/j2ca/jdbc/draftticketcontainer"/>
        <namespace kind="supplement" prefix="out298" uri="http://www.ibm.com/xmlns/prod/websphere/j2ca/jdbc/refunddetailscontainer"/>
        <namespace kind="supplement" prefix="out299" uri="http://www.ibm.com/xmlns/prod/websphere/j2ca/jdbc/dboras_account_detaillist"/>
        <namespace kind="supplement" prefix="out398" uri="http://www.ibm.com/xmlns/prod/websphere/j2ca/jdbc/dboras_document_masterupdateallinputbg"/>
        <namespace kind="supplement" prefix="out399" uri="http://www.ibm.com/xmlns/prod/websphere/j2ca/jdbc/dboras_excess_refund_reverse_feed"/>
        <namespace kind="supplement" prefix="out394" uri="http://www.ibm.com/xmlns/prod/websphere/j2ca/jdbc/dboras_refundlistbg"/>
        <namespace kind="supplement" prefix="out395" uri="http://www.ibm.com/xmlns/prod/websphere/j2ca/jdbc/dboras_excess_refund_reverse_feedupdateallinputbg"/>
        <namespace kind="supplement" prefix="out396" uri="http://www.ibm.com/xmlns/prod/websphere/j2ca/jdbc/dboras_refundlist"/>
        <namespace kind="supplement" prefix="out397" uri="http://www.ibm.com/xmlns/prod/websphere/j2ca/jdbc/dboras_receipt_detailcontainer"/>
        <namespace kind="supplement" prefix="out126" uri="http://www.ibm.com/xmlns/prod/websphere/j2ca/jdbc/accountdetailsbg"/>
        <namespace kind="supplement" prefix="out125" uri="http://www.ibm.com/xmlns/prod/websphere/j2ca/jdbc/documentmatrixbg"/>
        <namespace kind="supplement" prefix="out124" uri="http://www.ibm.com/xmlns/prod/websphere/j2ca/jdbc/dboras_cancellation_reasonbatchresult"/>
        <namespace kind="supplement" prefix="out123" uri="http://www.ibm.com/xmlns/prod/websphere/j2ca/jdbc/dboras_productbatchresult"/>
        <namespace kind="supplement" prefix="out122" uri="http://www.ibm.com/xmlns/prod/websphere/j2ca/jdbc/dboras_ticket_histlistbg"/>
        <namespace kind="supplement" prefix="out121" uri="http://www.ibm.com/xmlns/prod/websphere/j2ca/jdbc/dboras_loblistbg"/>
        <namespace kind="supplement" prefix="out120" uri="http://www.ibm.com/xmlns/prod/websphere/j2ca/jdbc/dboras_bank_detailsbg"/>
        <namespace kind="supplement" prefix="out129" uri="http://www.ibm.com/xmlns/prod/websphere/j2ca/jdbc/dboras_ticket_histupdateallinputbg"/>
        <namespace kind="supplement" prefix="out128" uri="http://www.ibm.com/xmlns/prod/websphere/j2ca/jdbc/dboras_bank_details"/>
        <namespace kind="supplement" prefix="out127" uri="http://www.ibm.com/xmlns/prod/websphere/j2ca/jdbc/dboras_ticket_documentslistbg"/>
        <namespace kind="supplement" prefix="out131" uri="http://www.ibm.com/xmlns/prod/websphere/j2ca/jdbc/cancellationoption"/>
        <namespace kind="supplement" prefix="out130" uri="http://www.ibm.com/xmlns/prod/websphere/j2ca/jdbc/dboras_account_masterbatchresult"/>
        <namespace kind="supplement" prefix="out133" uri="http://www.ibm.com/xmlns/prod/websphere/j2ca/jdbc/ticketdetails"/>
        <namespace kind="supplement" prefix="out132" uri="http://www.ibm.com/xmlns/prod/websphere/j2ca/jdbc/updategctransactiondetails"/>
        <namespace kind="supplement" prefix="out135" uri="http://www.ibm.com/xmlns/prod/websphere/j2ca/jdbc/dboras_scheduler_statuscontainer"/>
        <namespace kind="supplement" prefix="out134" uri="http://www.ibm.com/xmlns/prod/websphere/j2ca/jdbc/reversefeedstatusbg"/>
        <namespace kind="supplement" prefix="out137" uri="http://www.ibm.com/xmlns/prod/websphere/j2ca/jdbc/dboras_excess_refund_reverse_feedbatchresult"/>
        <namespace kind="supplement" prefix="out136" uri="http://www.ibm.com/xmlns/prod/websphere/j2ca/jdbc/dboras_gc_transactionupdateallinputbg"/>
        <namespace kind="supplement" prefix="out139" uri="http://www.ibm.com/xmlns/prod/websphere/j2ca/jdbc/dboras_report_accesscontainer"/>
        <namespace kind="supplement" prefix="out281" uri="http://www.ibm.com/xmlns/prod/websphere/j2ca/jdbc/dboras_insuredlist"/>
        <namespace kind="supplement" prefix="out138" uri="http://www.ibm.com/xmlns/prod/websphere/j2ca/jdbc/dboras_exception_histbg"/>
        <namespace kind="supplement" prefix="out280" uri="http://www.ibm.com/xmlns/prod/websphere/j2ca/jdbc/lobcontainer"/>
        <namespace kind="supplement" prefix="out283" uri="http://www.ibm.com/xmlns/prod/websphere/j2ca/jdbc/dboras_ticket_documentsupdateallinputbg"/>
        <namespace kind="supplement" prefix="out282" uri="http://www.ibm.com/xmlns/prod/websphere/j2ca/jdbc/dboras_user_detailsupdateallinput"/>
        <namespace kind="supplement" prefix="out277" uri="http://www.ibm.com/xmlns/prod/websphere/j2ca/jdbc/dboras_ticket_documentsbg"/>
        <namespace kind="supplement" prefix="out278" uri="http://www.ibm.com/xmlns/prod/websphere/j2ca/jdbc/policydetails"/>
        <namespace kind="supplement" prefix="out279" uri="http://www.ibm.com/xmlns/prod/websphere/j2ca/jdbc/dboras_lobupdateallinputbg"/>
        <namespace kind="supplement" prefix="out273" uri="http://www.ibm.com/xmlns/prod/websphere/j2ca/jdbc/dboras_approvercontainer"/>
        <namespace kind="supplement" prefix="out274" uri="http://www.ibm.com/xmlns/prod/websphere/j2ca/jdbc/reversefeedcontainer"/>
        <namespace kind="supplement" prefix="out275" uri="http://www.ibm.com/xmlns/prod/websphere/j2ca/jdbc/dboras_statusbg"/>
        <namespace kind="supplement" prefix="out276" uri="http://www.ibm.com/xmlns/prod/websphere/j2ca/jdbc/dboras_excess_refund_serviceupdateallinput"/>
        <namespace kind="supplement" prefix="out140" uri="http://www.ibm.com/xmlns/prod/websphere/j2ca/jdbc/gctransactionidbg"/>
        <namespace kind="supplement" prefix="out144" uri="http://www.ibm.com/xmlns/prod/websphere/j2ca/jdbc/dboras_approverupdateallinput"/>
        <namespace kind="supplement" prefix="out143" uri="http://www.ibm.com/xmlns/prod/websphere/j2ca/jdbc/updateappconfigbg"/>
        <namespace kind="supplement" prefix="out142" uri="http://www.ibm.com/xmlns/prod/websphere/j2ca/jdbc/dboras_insured"/>
        <namespace kind="supplement" prefix="out141" uri="http://www.ibm.com/xmlns/prod/websphere/j2ca/jdbc/dboras_ticketbatchresult"/>
        <namespace kind="supplement" prefix="out148" uri="http://www.ibm.com/xmlns/prod/websphere/j2ca/jdbc/dboras_valid_proposal_statusupdateallinputbg"/>
        <namespace kind="supplement" prefix="out147" uri="http://www.ibm.com/xmlns/prod/websphere/j2ca/jdbc/dboras_cancellation_reason"/>
        <namespace kind="supplement" prefix="out146" uri="http://www.ibm.com/xmlns/prod/websphere/j2ca/jdbc/dboras_cancellation_reasonlist"/>
        <namespace kind="supplement" prefix="out145" uri="http://www.ibm.com/xmlns/prod/websphere/j2ca/jdbc/dboras_holiday_scheduleupdateallinputbg"/>
        <namespace kind="supplement" prefix="out294" uri="http://www.ibm.com/xmlns/prod/websphere/j2ca/jdbc/dboras_jobscontainer"/>
        <namespace kind="supplement" prefix="out293" uri="http://www.ibm.com/xmlns/prod/websphere/j2ca/jdbc/dboras_ticket_histcontainer"/>
        <namespace kind="supplement" prefix="out292" uri="http://www.ibm.com/xmlns/prod/websphere/j2ca/jdbc/draftidcontainer"/>
        <namespace kind="supplement" prefix="out149" uri="http://www.ibm.com/xmlns/prod/websphere/j2ca/jdbc/bopschannelntidconfigbg"/>
        <namespace kind="supplement" prefix="out291" uri="http://www.ibm.com/xmlns/prod/websphere/j2ca/jdbc/dboras_reverse_feed_status_masterbatchresult"/>
        <namespace kind="supplement" prefix="out290" uri="http://www.ibm.com/xmlns/prod/websphere/j2ca/jdbc/dboras_account_master"/>
        <namespace kind="supplement" prefix="out288" uri="http://www.ibm.com/xmlns/prod/websphere/j2ca/jdbc/dboras_ticket_documentsupdateallinput"/>
        <namespace kind="supplement" prefix="out289" uri="http://www.ibm.com/xmlns/prod/websphere/j2ca/jdbc/serviceidcontainer"/>
        <namespace kind="supplement" prefix="out286" uri="http://www.ibm.com/xmlns/prod/websphere/j2ca/jdbc/dboras_lobbg"/>
        <namespace kind="supplement" prefix="out287" uri="http://www.ibm.com/xmlns/prod/websphere/j2ca/jdbc/reversefeedstatus"/>
        <namespace kind="supplement" prefix="out284" uri="http://www.ibm.com/xmlns/prod/websphere/j2ca/jdbc/dboras_user_detailslist"/>
        <namespace kind="supplement" prefix="out285" uri="http://www.ibm.com/xmlns/prod/websphere/j2ca/jdbc/serviceid"/>
        <namespace kind="supplement" prefix="out150" uri="http://www.ibm.com/xmlns/prod/websphere/j2ca/jdbc/dboras_bank_detailsupdateallinput"/>
        <namespace kind="supplement" prefix="out151" uri="http://www.ibm.com/xmlns/prod/websphere/j2ca/jdbc/dboras_uploaded_fileupdateallinput"/>
        <namespace kind="supplement" prefix="out260" uri="http://www.ibm.com/xmlns/prod/websphere/j2ca/jdbc/dboras_bank_detailsupdateallinputbg"/>
        <namespace kind="supplement" prefix="out261" uri="http://www.ibm.com/xmlns/prod/websphere/j2ca/jdbc/gctransactiondetailsbg"/>
        <namespace kind="supplement" prefix="out156" uri="http://www.ibm.com/xmlns/prod/websphere/j2ca/jdbc/dboras_excess_refund_serviceupdateallinputbg"/>
        <namespace kind="supplement" prefix="out157" uri="http://www.ibm.com/xmlns/prod/websphere/j2ca/jdbc/updatetransactioncountbg"/>
        <namespace kind="supplement" prefix="out158" uri="http://www.ibm.com/xmlns/prod/websphere/j2ca/jdbc/gctransactiondetailscontainer"/>
        <namespace kind="supplement" prefix="out159" uri="http://www.ibm.com/xmlns/prod/websphere/j2ca/jdbc/updateappcongfigslno"/>
        <namespace kind="supplement" prefix="out360" uri="http://www.ibm.com/xmlns/prod/websphere/j2ca/jdbc/dboras_cancellation_optionupdateallinputbg"/>
        <namespace kind="supplement" prefix="out152" uri="http://www.ibm.com/xmlns/prod/websphere/j2ca/jdbc/dboras_error_code_masterbatchresult"/>
        <namespace kind="supplement" prefix="out153" uri="http://www.ibm.com/xmlns/prod/websphere/j2ca/jdbc/dboras_refund_histbg"/>
        <namespace kind="supplement" prefix="out154" uri="http://www.ibm.com/xmlns/prod/websphere/j2ca/jdbc/dboras_work_schedule"/>
        <namespace kind="supplement" prefix="out155" uri="http://www.ibm.com/xmlns/prod/websphere/j2ca/jdbc/dboras_bulk_file_logcontainer"/>
        <namespace kind="supplement" prefix="out160" uri="http://www.ibm.com/xmlns/prod/websphere/j2ca/jdbc/dboras_scheduler_statuslistbg"/>
        <namespace kind="supplement" prefix="out355" uri="http://www.ibm.com/xmlns/prod/websphere/j2ca/jdbc/dboras_jobsupdateallinput"/>
        <namespace kind="supplement" prefix="out259" uri="http://www.ibm.com/xmlns/prod/websphere/j2ca/jdbc/dboras_gc_transactionbatchresult"/>
        <namespace kind="supplement" prefix="out354" uri="http://www.ibm.com/xmlns/prod/websphere/j2ca/jdbc/dboras_statusbatchresult"/>
        <namespace kind="supplement" prefix="out162" uri="http://www.ibm.com/xmlns/prod/websphere/j2ca/jdbc/dboras_uploaded_filebatchresult"/>
        <namespace kind="supplement" prefix="out357" uri="http://www.ibm.com/xmlns/prod/websphere/j2ca/jdbc/updateexcessrefundreversefeedbg"/>
        <namespace kind="supplement" prefix="out161" uri="http://www.ibm.com/xmlns/prod/websphere/j2ca/jdbc/dboras_refund_histbatchresult"/>
        <namespace kind="supplement" prefix="out356" uri="http://www.ibm.com/xmlns/prod/websphere/j2ca/jdbc/dboras_icrm_service_response"/>
        <namespace kind="supplement" prefix="out351" uri="http://www.ibm.com/xmlns/prod/websphere/j2ca/jdbc/dboras_bulk_file_logupdateallinput"/>
        <namespace kind="supplement" prefix="out350" uri="http://www.ibm.com/xmlns/prod/websphere/j2ca/jdbc/lob"/>
        <namespace kind="supplement" prefix="out353" uri="http://www.ibm.com/xmlns/prod/websphere/j2ca/jdbc/draftticketidbg"/>
        <namespace kind="supplement" prefix="out352" uri="http://www.ibm.com/xmlns/prod/websphere/j2ca/jdbc/dboras_approval_gridbatchresult"/>
        <namespace kind="supplement" prefix="out252" uri="http://www.ibm.com/xmlns/prod/websphere/j2ca/jdbc/dboras_bulk_file_log"/>
        <namespace kind="supplement" prefix="out251" uri="http://www.ibm.com/xmlns/prod/websphere/j2ca/jdbc/dboras_excess_refund_reverse_feedupdateallinput"/>
        <namespace kind="supplement" prefix="out254" uri="http://www.ibm.com/xmlns/prod/websphere/j2ca/jdbc/dboras_approverbatchresult"/>
        <namespace kind="supplement" prefix="out253" uri="http://www.ibm.com/xmlns/prod/websphere/j2ca/jdbc/dboras_uploaded_filelistbg"/>
        <namespace kind="supplement" prefix="out256" uri="http://www.ibm.com/xmlns/prod/websphere/j2ca/jdbc/dboras_account_detail_hist"/>
        <namespace kind="supplement" prefix="out359" uri="http://www.ibm.com/xmlns/prod/websphere/j2ca/jdbc/dboras_ticket_histbg"/>
        <namespace kind="supplement" prefix="out255" uri="http://www.ibm.com/xmlns/prod/websphere/j2ca/jdbc/dboras_status"/>
        <namespace kind="supplement" prefix="out358" uri="http://www.ibm.com/xmlns/prod/websphere/j2ca/jdbc/dboras_valid_proposal_status"/>
        <namespace kind="supplement" prefix="out258" uri="http://www.ibm.com/xmlns/prod/websphere/j2ca/jdbc/dboras_document_masterbg"/>
        <namespace kind="supplement" prefix="out257" uri="http://www.ibm.com/xmlns/prod/websphere/j2ca/jdbc/dboras_account_detailupdateallinputbg"/>
        <namespace kind="supplement" prefix="out271" uri="http://www.ibm.com/xmlns/prod/websphere/j2ca/jdbc/bankdetailsbg"/>
        <namespace kind="supplement" prefix="out272" uri="http://www.ibm.com/xmlns/prod/websphere/j2ca/jdbc/dboras_cancellation_optionlist"/>
        <namespace kind="supplement" prefix="out270" uri="http://www.ibm.com/xmlns/prod/websphere/j2ca/jdbc/dboras_ticket_documentscontainer"/>
        <namespace kind="supplement" prefix="out169" uri="http://www.ibm.com/xmlns/prod/websphere/j2ca/jdbc/updateappcongfigslnobg"/>
        <namespace kind="supplement" prefix="out370" uri="http://www.ibm.com/xmlns/prod/websphere/j2ca/jdbc/dboras_app_config"/>
        <namespace kind="supplement" prefix="out371" uri="http://www.ibm.com/xmlns/prod/websphere/j2ca/jdbc/dboras_approval_gridupdateallinputbg"/>
        <namespace kind="supplement" prefix="out167" uri="http://www.ibm.com/xmlns/prod/websphere/j2ca/jdbc/updateexcessrefunddraftidbg"/>
        <namespace kind="supplement" prefix="out168" uri="http://www.ibm.com/xmlns/prod/websphere/j2ca/jdbc/dboras_reverse_feed_status_mastercontainer"/>
        <namespace kind="supplement" prefix="out165" uri="http://www.ibm.com/xmlns/prod/websphere/j2ca/jdbc/dboras_holiday_schedulelist"/>
        <namespace kind="supplement" prefix="out166" uri="http://www.ibm.com/xmlns/prod/websphere/j2ca/jdbc/accountdetails"/>
        <namespace kind="supplement" prefix="out163" uri="http://www.ibm.com/xmlns/prod/websphere/j2ca/jdbc/dboras_report_accesslist"/>
        <namespace kind="supplement" prefix="out164" uri="http://www.ibm.com/xmlns/prod/websphere/j2ca/jdbc/dboras_bulk_file_loglist"/>
        <namespace kind="supplement" prefix="out173" uri="http://www.ibm.com/xmlns/prod/websphere/j2ca/jdbc/dboras_receipt_detailbatchresult"/>
        <namespace kind="supplement" prefix="out368" uri="http://www.ibm.com/xmlns/prod/websphere/j2ca/jdbc/draftid"/>
        <namespace kind="supplement" prefix="out172" uri="http://www.ibm.com/xmlns/prod/websphere/j2ca/jdbc/dboras_approverlistbg"/>
        <namespace kind="supplement" prefix="out367" uri="http://www.ibm.com/xmlns/prod/websphere/j2ca/jdbc/dboras_approval_gridlist"/>
        <namespace kind="supplement" prefix="out171" uri="http://www.ibm.com/xmlns/prod/websphere/j2ca/jdbc/dboras_ticketbg"/>
        <namespace kind="supplement" prefix="out366" uri="http://www.ibm.com/xmlns/prod/websphere/j2ca/jdbc/dboras_scheduler_statusbg"/>
        <namespace kind="supplement" prefix="out170" uri="http://www.ibm.com/xmlns/prod/websphere/j2ca/jdbc/draftticketid"/>
        <namespace kind="supplement" prefix="out365" uri="http://www.ibm.com/xmlns/prod/websphere/j2ca/jdbc/dboras_gc_transactioncontainer"/>
        <namespace kind="supplement" prefix="out364" uri="http://www.ibm.com/xmlns/prod/websphere/j2ca/jdbc/productcontainer"/>
        <namespace kind="supplement" prefix="out363" uri="http://www.ibm.com/xmlns/prod/websphere/j2ca/jdbc/dboras_bops_channel_ntid_configupdateallinputbg"/>
        <namespace kind="supplement" prefix="out362" uri="http://www.ibm.com/xmlns/prod/websphere/j2ca/jdbc/draftticket"/>
        <namespace kind="supplement" prefix="out361" uri="http://www.ibm.com/xmlns/prod/websphere/j2ca/jdbc/dboras_ticket_histupdateallinput"/>
        <namespace kind="supplement" prefix="out265" uri="http://www.ibm.com/xmlns/prod/websphere/j2ca/jdbc/dboras_cancellation_optionlistbg"/>
        <namespace kind="supplement" prefix="out264" uri="http://www.ibm.com/xmlns/prod/websphere/j2ca/jdbc/dboras_lobbatchresult"/>
        <namespace kind="supplement" prefix="out263" uri="http://www.ibm.com/xmlns/prod/websphere/j2ca/jdbc/dboras_policy_detailupdateallinputbg"/>
        <namespace kind="supplement" prefix="out262" uri="http://www.ibm.com/xmlns/prod/websphere/j2ca/jdbc/dboras_ticket_histlist"/>
        <namespace kind="supplement" prefix="out269" uri="http://www.ibm.com/xmlns/prod/websphere/j2ca/jdbc/draftno"/>
        <namespace kind="supplement" prefix="out268" uri="http://www.ibm.com/xmlns/prod/websphere/j2ca/jdbc/dboras_work_schedulecontainer"/>
        <namespace kind="supplement" prefix="out267" uri="http://www.ibm.com/xmlns/prod/websphere/j2ca/jdbc/dboras_uploaded_fileupdateallinputbg"/>
        <namespace kind="supplement" prefix="out266" uri="http://www.ibm.com/xmlns/prod/websphere/j2ca/jdbc/dboras_excess_refund_draftlist"/>
        <namespace kind="supplement" prefix="out369" uri="http://www.ibm.com/xmlns/prod/websphere/j2ca/jdbc/dboras_receipt_detaillistbg"/>
        <namespace kind="supplement" prefix="out174" uri="http://www.ibm.com/xmlns/prod/websphere/j2ca/jdbc/dboras_approverbg"/>
        <namespace kind="supplement" prefix="out175" uri="http://www.ibm.com/xmlns/prod/websphere/j2ca/jdbc/dboras_account_detail_histcontainer"/>
        <namespace kind="supplement" prefix="out176" uri="http://www.ibm.com/xmlns/prod/websphere/j2ca/jdbc/receiptdetails"/>
        <namespace kind="supplement" prefix="out177" uri="http://www.ibm.com/xmlns/prod/websphere/j2ca/jdbc/dboras_refundcontainer"/>
        <namespace kind="supplement" prefix="out178" uri="http://www.ibm.com/xmlns/prod/websphere/j2ca/jdbc/dboras_app_configupdateallinput"/>
        <namespace kind="supplement" prefix="out380" uri="http://www.ibm.com/xmlns/prod/websphere/j2ca/jdbc/dboras_statusupdateallinput"/>
        <namespace kind="supplement" prefix="out179" uri="http://www.ibm.com/xmlns/prod/websphere/j2ca/jdbc/dboras_user_detailsupdateallinputbg"/>
        <namespace kind="supplement" prefix="out381" uri="http://www.ibm.com/xmlns/prod/websphere/j2ca/jdbc/dboras_account_detail_histupdateallinput"/>
        <namespace kind="supplement" prefix="out382" uri="http://www.ibm.com/xmlns/prod/websphere/j2ca/jdbc/updateexcessrefundservicebg"/>
        <namespace kind="supplement" prefix="out373" uri="http://www.ibm.com/xmlns/prod/websphere/j2ca/jdbc/policydetailscontainer"/>
        <namespace kind="supplement" prefix="out372" uri="http://www.ibm.com/xmlns/prod/websphere/j2ca/jdbc/dboras_receipt_detailupdateallinput"/>
        <namespace kind="supplement" prefix="out180" uri="http://www.ibm.com/xmlns/prod/websphere/j2ca/jdbc/dboras_receipt_detailupdateallinputbg"/>
        <namespace kind="supplement" prefix="out375" uri="http://www.ibm.com/xmlns/prod/websphere/j2ca/jdbc/dboras_approval_gridbg"/>
        <namespace kind="supplement" prefix="out374" uri="http://www.ibm.com/xmlns/prod/websphere/j2ca/jdbc/dboras_document_mastercontainer"/>
        <namespace kind="supplement" prefix="out182" uri="http://www.ibm.com/xmlns/prod/websphere/j2ca/jdbc/dboras_document_masterlistbg"/>
        <namespace kind="supplement" prefix="out238" uri="http://www.ibm.com/xmlns/prod/websphere/j2ca/jdbc/dboras_document_masterlist"/>
        <namespace kind="supplement" prefix="out377" uri="http://www.ibm.com/xmlns/prod/websphere/j2ca/jdbc/cancellationreasoncontainer"/>
        <namespace kind="supplement" prefix="out181" uri="http://www.ibm.com/xmlns/prod/websphere/j2ca/jdbc/dboras_refundbatchresult"/>
        <namespace kind="supplement" prefix="out237" uri="http://www.ibm.com/xmlns/prod/websphere/j2ca/jdbc/documentmatrix"/>
        <namespace kind="supplement" prefix="out376" uri="http://www.ibm.com/xmlns/prod/websphere/j2ca/jdbc/dboras_icrm_service_responseupdateallinput"/>
        <namespace kind="supplement" prefix="out379" uri="http://www.ibm.com/xmlns/prod/websphere/j2ca/jdbc/bulkoperationresult/updateallresult"/>
        <namespace kind="supplement" prefix="out184" uri="http://www.ibm.com/xmlns/prod/websphere/j2ca/jdbc/dboras_app_configupdateallinputbg"/>
        <namespace kind="supplement" prefix="out183" uri="http://www.ibm.com/xmlns/prod/websphere/j2ca/jdbc/dboras_policy_detaillistbg"/>
        <namespace kind="supplement" prefix="out239" uri="http://www.ibm.com/xmlns/prod/websphere/j2ca/jdbc/dboras_holiday_schedulebg"/>
        <namespace kind="supplement" prefix="out378" uri="http://www.ibm.com/xmlns/prod/websphere/j2ca/jdbc/dboras_excess_refund_reverse_feedbg"/>
        <namespace kind="supplement" prefix="out234" uri="http://www.ibm.com/xmlns/prod/websphere/j2ca/jdbc/dboras_holiday_schedule"/>
        <namespace kind="supplement" prefix="out233" uri="http://www.ibm.com/xmlns/prod/websphere/j2ca/jdbc/dboras_app_configlistbg"/>
        <namespace kind="supplement" prefix="out236" uri="http://www.ibm.com/xmlns/prod/websphere/j2ca/jdbc/updategctransactiondetailsbg"/>
        <namespace kind="supplement" prefix="out235" uri="http://www.ibm.com/xmlns/prod/websphere/j2ca/jdbc/receiptdetailsbg"/>
        <namespace kind="supplement" prefix="out230" uri="http://www.ibm.com/xmlns/prod/websphere/j2ca/jdbc/dboras_insuredupdateallinputbg"/>
        <namespace kind="supplement" prefix="out232" uri="http://www.ibm.com/xmlns/prod/websphere/j2ca/jdbc/dboras_statuslistbg"/>
        <namespace kind="supplement" prefix="out231" uri="http://www.ibm.com/xmlns/prod/websphere/j2ca/jdbc/draftnobg"/>
        <namespace kind="supplement" prefix="out250" uri="http://www.ibm.com/xmlns/prod/websphere/j2ca/jdbc/bopschannelntidconfig"/>
        <namespace kind="supplement" prefix="out187" uri="http://www.ibm.com/xmlns/prod/websphere/j2ca/jdbc/appconfigbg"/>
        <namespace kind="supplement" prefix="out188" uri="http://www.ibm.com/xmlns/prod/websphere/j2ca/jdbc/dboras_policy_detailbg"/>
        <namespace kind="supplement" prefix="out185" uri="http://www.ibm.com/xmlns/prod/websphere/j2ca/jdbc/dboras_scheduler_statusupdateallinput"/>
        <namespace kind="supplement" prefix="out186" uri="http://www.ibm.com/xmlns/prod/websphere/j2ca/jdbc/dboras_report_accessbatchresult"/>
        <namespace kind="supplement" prefix="out392" uri="http://www.ibm.com/xmlns/prod/websphere/j2ca/jdbc/dboras_holiday_schedulebatchresult"/>
        <namespace kind="supplement" prefix="out393" uri="http://www.ibm.com/xmlns/prod/websphere/j2ca/jdbc/dboras_icrm_service_responsebg"/>
        <namespace kind="supplement" prefix="out390" uri="http://www.ibm.com/xmlns/prod/websphere/j2ca/jdbc/dboras_account_detaillistbg"/>
        <namespace kind="supplement" prefix="out189" uri="http://www.ibm.com/xmlns/prod/websphere/j2ca/jdbc/dboras_refund"/>
        <namespace kind="supplement" prefix="out391" uri="http://www.ibm.com/xmlns/prod/websphere/j2ca/jdbc/reversefeedid"/>
        <namespace kind="supplement" prefix="out386" uri="http://www.ibm.com/xmlns/prod/websphere/j2ca/jdbc/dboras_product"/>
        <namespace kind="supplement" prefix="out191" uri="http://www.ibm.com/xmlns/prod/websphere/j2ca/jdbc/refunddetailsbg"/>
        <namespace kind="supplement" prefix="out385" uri="http://www.ibm.com/xmlns/prod/websphere/j2ca/jdbc/dboras_excess_refund_reverse_feedlist"/>
        <namespace kind="supplement" prefix="out190" uri="http://www.ibm.com/xmlns/prod/websphere/j2ca/jdbc/dboras_insuredbg"/>
        <namespace kind="supplement" prefix="out384" uri="http://www.ibm.com/xmlns/prod/websphere/j2ca/jdbc/dboras_valid_proposal_statuslistbg"/>
        <namespace kind="supplement" prefix="out383" uri="http://www.ibm.com/xmlns/prod/websphere/j2ca/jdbc/dboras_bops_channel_ntid_config"/>
        <namespace kind="supplement" prefix="out195" uri="http://www.ibm.com/xmlns/prod/websphere/j2ca/jdbc/dboras_bank_detailsbatchresult"/>
        <namespace kind="supplement" prefix="out389" uri="http://www.ibm.com/xmlns/prod/websphere/j2ca/jdbc/updatetransactioncount"/>
        <namespace kind="supplement" prefix="out194" uri="http://www.ibm.com/xmlns/prod/websphere/j2ca/jdbc/existsresult/existsresult"/>
        <namespace kind="supplement" prefix="out388" uri="http://www.ibm.com/xmlns/prod/websphere/j2ca/jdbc/dboras_gc_transaction"/>
        <namespace kind="supplement" prefix="out193" uri="http://www.ibm.com/xmlns/prod/websphere/j2ca/jdbc/dboras_account_detailupdateallinput"/>
        <namespace kind="supplement" prefix="out249" uri="http://www.ibm.com/xmlns/prod/websphere/j2ca/jdbc/dboras_cancellation_optionupdateallinput"/>
        <namespace kind="supplement" prefix="out387" uri="http://www.ibm.com/xmlns/prod/websphere/j2ca/jdbc/dboras_refund_hist"/>
        <namespace kind="supplement" prefix="out192" uri="http://www.ibm.com/xmlns/prod/websphere/j2ca/jdbc/dboras_icrm_service_responselistbg"/>
        <namespace kind="supplement" prefix="out248" uri="http://www.ibm.com/xmlns/prod/websphere/j2ca/jdbc/dboras_excess_refund_servicelistbg"/>
        <namespace kind="supplement" prefix="out247" uri="http://www.ibm.com/xmlns/prod/websphere/j2ca/jdbc/dboras_policy_detaillist"/>
        <namespace kind="supplement" prefix="out246" uri="http://www.ibm.com/xmlns/prod/websphere/j2ca/jdbc/lobbg"/>
        <namespace kind="supplement" prefix="out245" uri="http://www.ibm.com/xmlns/prod/websphere/j2ca/jdbc/dboras_policy_detailcontainer"/>
        <namespace kind="supplement" prefix="out244" uri="http://www.ibm.com/xmlns/prod/websphere/j2ca/jdbc/dboras_lob"/>
        <namespace kind="supplement" prefix="out243" uri="http://www.ibm.com/xmlns/prod/websphere/j2ca/jdbc/dboras_error_code_masterupdateallinput"/>
        <namespace kind="supplement" prefix="out242" uri="http://www.ibm.com/xmlns/prod/websphere/j2ca/jdbc/dboras_scheduler_statusupdateallinputbg"/>
        <namespace kind="supplement" prefix="out241" uri="http://www.ibm.com/xmlns/prod/websphere/j2ca/jdbc/serviceidbg"/>
        <namespace kind="supplement" prefix="out240" uri="http://www.ibm.com/xmlns/prod/websphere/j2ca/jdbc/dboras_exception_hist"/>
        <namespace kind="extension" prefix="ToUpperCase" uri="xalan://com.org.aig.tataaig.ToUpperCase"/>
    </namespaces>
    <mappingDeclaration name="getCancellationOption_Input_Map_req_1">
        <input path="body"/>
        <output path="body"/>
        <customFunction lang="java" ref="ToUpperCase:sampleTransform">
            <input path="getCancOption/lob" var="lob"/>
            <output path="retrieveallCancellationOptionBG/retrieveallCancellationOptionBGInput/CancellationOption/lob"/>
            <param name="lob" value="$lob"/>
        </customFunction>
        <assign value="Y">
            <output path="retrieveallCancellationOptionBG/retrieveallCancellationOptionBGInput/CancellationOption/is_active"/>
        </assign>
        <move>
            <input path="getCancOption/product"/>
            <output path="retrieveallCancellationOptionBG/retrieveallCancellationOptionBGInput/CancellationOption/product"/>
        </move>
        <move>
            <input path="getCancOption/product"/>
            <output path="retrieveallCancellationOptionBG/retrieveallCancellationOptionBGInput/CancellationOption/parameter1"/>
        </move>
    </mappingDeclaration>
</mappingRoot>