<?xml version="1.0" encoding="UTF-8"?><mappingRoot xmlns="http://www.ibm.com/2008/ccl/Mapping" domainID="com.ibm.msl.mapping.xml" targetNamespace="http://Access-ApplicationDB/xslt/getLevels_input_map_req_1" version="8.0.4.0" xmlns:map="http://Access-ApplicationDB/xslt/getLevels_input_map_req_1">
    <input correlationContext="" message="{http://TicketDomain-v1.0.0/MaintainApprovalLevel}getLevelsRequestMsg" sharedContext="" smoName="wsdl-primary" transientContext="" type="smo" types="" xpath="/body"/>
    <output correlationContext="" message="{http://Access-ApplicationDB/DBInterface}retrieveallDboRas_ApproverBGRequestMsg" sharedContext="" smoName="wsdl-primary" transientContext="" type="smo" types="" xpath="/body"/>
    <namespaces>
        <namespace kind="supplement" prefix="in2" uri="http://RACASBO"/>
        <namespace kind="supplement" prefix="in3" uri="wsdl.http://TicketDomain-v1.0.0/MaintainApprovalLevel"/>
        <namespace kind="supplement" prefix="io5" uri="http://www.w3.org/2003/05/soap-envelope"/>
        <namespace kind="supplement" prefix="io4" uri="http://schemas.xmlsoap.org/ws/2004/08/addressing"/>
        <namespace kind="supplement" prefix="io3" uri="http://www.ibm.com/xmlns/prod/websphere/http/sca/6.1.0"/>
        <namespace kind="supplement" prefix="io2" uri="http://www.ibm.com/websphere/sibx/smo/v6.0.1"/>
        <namespace kind="supplement" prefix="io6" uri="http://www.ibm.com/xmlns/prod/websphere/mq/sca/6.0.0"/>
        <namespace kind="supplement" prefix="in" uri="http://TicketDomain-v1.0.0/MaintainApprovalLevel"/>
        <namespace kind="supplement" prefix="io" uri="http://www.w3.org/2005/08/addressing"/>
        <namespace kind="supplement" prefix="out113" uri="http://www.ibm.com/xmlns/prod/websphere/j2ca/jdbc/dboras_app_configbg"/>
        <namespace kind="supplement" prefix="out112" uri="http://www.ibm.com/xmlns/prod/websphere/j2ca/jdbc/dboras_app_configbatchresult"/>
        <namespace kind="supplement" prefix="out115" uri="http://www.ibm.com/xmlns/prod/websphere/j2ca/jdbc/dboras_insuredbg"/>
        <namespace kind="supplement" prefix="out114" uri="http://www.ibm.com/xmlns/prod/websphere/j2ca/jdbc/dboras_ticketlist"/>
        <namespace kind="supplement" prefix="out7" uri="http://www.ibm.com/xmlns/prod/websphere/j2ca/jdbc/dboras_loblistbg"/>
        <namespace kind="supplement" prefix="out6" uri="http://www.ibm.com/xmlns/prod/websphere/j2ca/jdbc/dboras_statuscontainer"/>
        <namespace kind="supplement" prefix="out111" uri="http://www.ibm.com/xmlns/prod/websphere/j2ca/jdbc/dboras_refundupdateallinputbg"/>
        <namespace kind="supplement" prefix="out9" uri="http://www.ibm.com/xmlns/prod/websphere/j2ca/jdbc/dboras_exception_histupdateallinputbg"/>
        <namespace kind="supplement" prefix="out110" uri="http://www.ibm.com/xmlns/prod/websphere/j2ca/jdbc/dboras_ticket_documentsupdateallinput"/>
        <namespace kind="supplement" prefix="out8" uri="http://www.ibm.com/xmlns/prod/websphere/j2ca/jdbc/dboras_ticket_histlistbg"/>
        <namespace kind="supplement" prefix="out3" uri="http://www.ibm.com/xmlns/prod/websphere/j2ca/jdbc/dboras_app_configcontainer"/>
        <namespace kind="supplement" prefix="out48" uri="http://www.ibm.com/xmlns/prod/websphere/j2ca/jdbc/dboras_account_detail_histlist"/>
        <namespace kind="supplement" prefix="out2" uri="http://www.ibm.com/xmlns/prod/websphere/j2ca/jdbc/dboras_account_detail"/>
        <namespace kind="supplement" prefix="out49" uri="http://www.ibm.com/xmlns/prod/websphere/j2ca/jdbc/dboras_policy_detailcontainer"/>
        <namespace kind="supplement" prefix="out5" uri="http://www.ibm.com/xmlns/prod/websphere/j2ca/jdbc/dboras_ticket_documentslist"/>
        <namespace kind="supplement" prefix="out46" uri="http://com/ibm/j2ca/fault/afcfault"/>
        <namespace kind="supplement" prefix="out4" uri="http://www.ibm.com/xmlns/prod/websphere/j2ca/jdbc/dboras_refundupdateallinput"/>
        <namespace kind="supplement" prefix="out47" uri="http://www.ibm.com/xmlns/prod/websphere/j2ca/jdbc/dboras_lob"/>
        <namespace kind="supplement" prefix="out117" uri="http://www.ibm.com/xmlns/prod/websphere/j2ca/jdbc/dboras_refund"/>
        <namespace kind="supplement" prefix="out116" uri="http://www.ibm.com/xmlns/prod/websphere/j2ca/jdbc/dboras_account_detail_histbatchresult"/>
        <namespace kind="supplement" prefix="out119" uri="http://www.ibm.com/xmlns/prod/websphere/j2ca/jdbc/dboras_ticket_histcontainer"/>
        <namespace kind="supplement" prefix="out118" uri="http://www.ibm.com/xmlns/prod/websphere/j2ca/jdbc/dboras_ticket"/>
        <namespace kind="supplement" prefix="out41" uri="http://www.ibm.com/xmlns/prod/websphere/j2ca/jdbc/dboras_cancellation_reason"/>
        <namespace kind="supplement" prefix="out40" uri="http://www.ibm.com/xmlns/prod/websphere/j2ca/jdbc/dboras_document_masterlist"/>
        <namespace kind="supplement" prefix="out45" uri="http://www.ibm.com/xmlns/prod/websphere/j2ca/jdbc/dboras_account_detail_histbg"/>
        <namespace kind="supplement" prefix="out44" uri="http://www.ibm.com/xmlns/prod/websphere/j2ca/jdbc/dboras_exception_hist"/>
        <namespace kind="supplement" prefix="out43" uri="http://www.ibm.com/xmlns/prod/websphere/j2ca/jdbc/dboras_document_master"/>
        <namespace kind="supplement" prefix="out42" uri="http://www.ibm.com/xmlns/prod/websphere/j2ca/jdbc/documentmatrix"/>
        <namespace kind="supplement" prefix="out126" uri="http://www.ibm.com/xmlns/prod/websphere/j2ca/jdbc/dboras_account_detaillist"/>
        <namespace kind="supplement" prefix="out125" uri="http://www.ibm.com/xmlns/prod/websphere/j2ca/jdbc/dboras_ticketlistbg"/>
        <namespace kind="supplement" prefix="out124" uri="http://www.ibm.com/xmlns/prod/websphere/j2ca/jdbc/dboras_exception_histlist"/>
        <namespace kind="supplement" prefix="out123" uri="http://www.ibm.com/xmlns/prod/websphere/j2ca/jdbc/dboras_jobslistbg"/>
        <namespace kind="supplement" prefix="out122" uri="http://www.ibm.com/xmlns/prod/websphere/j2ca/jdbc/existsresult/existsresult"/>
        <namespace kind="supplement" prefix="out121" uri="http://www.ibm.com/xmlns/prod/websphere/j2ca/jdbc/dboras_account_detailupdateallinput"/>
        <namespace kind="supplement" prefix="out120" uri="http://www.ibm.com/xmlns/prod/websphere/j2ca/jdbc/dboras_jobscontainer"/>
        <namespace kind="supplement" prefix="out57" uri="http://www.ibm.com/xmlns/prod/websphere/j2ca/jdbc/dboras_cancellation_optionupdateallinput"/>
        <namespace kind="supplement" prefix="out58" uri="http://www.ibm.com/xmlns/prod/websphere/j2ca/jdbc/dboras_document_masterbatchresult"/>
        <namespace kind="supplement" prefix="out59" uri="http://www.ibm.com/xmlns/prod/websphere/j2ca/jdbc/dboras_account_detailbg"/>
        <namespace kind="supplement" prefix="out129" uri="http://www.ibm.com/xmlns/prod/websphere/j2ca/jdbc/dboras_lobupdateallinput"/>
        <namespace kind="supplement" prefix="out128" uri="http://www.ibm.com/xmlns/prod/websphere/j2ca/jdbc/dboras_policy_detailupdateallinput"/>
        <namespace kind="supplement" prefix="out127" uri="http://www.ibm.com/xmlns/prod/websphere/j2ca/jdbc/dboras_exception_histlistbg"/>
        <namespace kind="supplement" prefix="out50" uri="http://www.ibm.com/xmlns/prod/websphere/j2ca/jdbc/dboras_ticket_hist"/>
        <namespace kind="supplement" prefix="out52" uri="http://www.ibm.com/xmlns/prod/websphere/j2ca/jdbc/dboras_ticket_documents"/>
        <namespace kind="supplement" prefix="out51" uri="http://www.ibm.com/xmlns/prod/websphere/j2ca/jdbc/dboras_jobsupdateallinputbg"/>
        <namespace kind="supplement" prefix="out54" uri="http://www.ibm.com/xmlns/prod/websphere/j2ca/jdbc/dboras_approverupdateallinputbg"/>
        <namespace kind="supplement" prefix="out53" uri="http://www.ibm.com/xmlns/prod/websphere/j2ca/jdbc/dboras_jobslist"/>
        <namespace kind="supplement" prefix="out56" uri="http://www.ibm.com/xmlns/prod/websphere/j2ca/jdbc/dboras_cancellation_optioncontainer"/>
        <namespace kind="supplement" prefix="out55" uri="http://www.ibm.com/xmlns/prod/websphere/j2ca/jdbc/dboras_policy_detaillist"/>
        <namespace kind="supplement" prefix="out131" uri="http://www.ibm.com/xmlns/prod/websphere/j2ca/jdbc/dboras_account_detaillistbg"/>
        <namespace kind="supplement" prefix="out130" uri="http://www.ibm.com/xmlns/prod/websphere/j2ca/jdbc/dboras_policy_detail"/>
        <namespace kind="supplement" prefix="out133" uri="http://www.ibm.com/xmlns/prod/websphere/j2ca/jdbc/dboras_ticketupdateallinput"/>
        <namespace kind="supplement" prefix="out132" uri="http://www.ibm.com/xmlns/prod/websphere/j2ca/jdbc/dboras_receipt_detailbg"/>
        <namespace kind="supplement" prefix="out135" uri="http://Access-ApplicationDB/DBInterface"/>
        <namespace kind="supplement" prefix="out134" uri="http://www.ibm.com/xmlns/prod/websphere/j2ca/jdbc/dboras_insuredcontainer"/>
        <namespace kind="supplement" prefix="out137" uri="http://www.ibm.com/xmlns/prod/websphere/j2ca/jdbc/dboras_insuredbatchresult"/>
        <namespace kind="supplement" prefix="out136" uri="http://www.ibm.com/xmlns/prod/websphere/j2ca/jdbc/dboras_exception_histcontainer"/>
        <namespace kind="supplement" prefix="out139" uri="http://www.ibm.com/xmlns/prod/websphere/j2ca/jdbc/dboras_ticketupdateallinputbg"/>
        <namespace kind="supplement" prefix="out138" uri="http://www.ibm.com/xmlns/prod/websphere/j2ca/jdbc/dboras_refundlistbg"/>
        <namespace kind="supplement" prefix="out28" uri="http://www.ibm.com/xmlns/prod/websphere/j2ca/jdbc/dboras_receipt_detaillist"/>
        <namespace kind="supplement" prefix="out29" uri="http://www.ibm.com/xmlns/prod/websphere/j2ca/jdbc/dboras_approver"/>
        <namespace kind="supplement" prefix="out26" uri="http://www.ibm.com/xmlns/prod/websphere/j2ca/jdbc/dboras_insuredupdateallinput"/>
        <namespace kind="supplement" prefix="out27" uri="http://www.ibm.com/xmlns/prod/websphere/j2ca/jdbc/dboras_lobcontainer"/>
        <namespace kind="supplement" prefix="out24" uri="http://www.ibm.com/xmlns/prod/websphere/j2ca/jdbc/dboras_exception_histbg"/>
        <namespace kind="supplement" prefix="out25" uri="http://www.ibm.com/xmlns/prod/websphere/j2ca/jdbc/dboras_document_masterupdateallinput"/>
        <namespace kind="supplement" prefix="out23" uri="http://www.ibm.com/xmlns/prod/websphere/j2ca/jdbc/dboras_insuredupdateallinputbg"/>
        <namespace kind="supplement" prefix="out22" uri="http://www.ibm.com/xmlns/prod/websphere/j2ca/jdbc/dboras_ticket_histbatchresult"/>
        <namespace kind="supplement" prefix="out21" uri="http://www.ibm.com/xmlns/prod/websphere/j2ca/jdbc/dboras_exception_histupdateallinput"/>
        <namespace kind="supplement" prefix="out20" uri="http://www.ibm.com/xmlns/prod/websphere/j2ca/jdbc/dboras_jobs"/>
        <namespace kind="supplement" prefix="out140" uri="http://www.ibm.com/xmlns/prod/websphere/j2ca/jdbc/dboras_app_configlist"/>
        <namespace kind="supplement" prefix="out144" uri="http://www.ibm.com/xmlns/prod/websphere/j2ca/jdbc/dboras_document_masterupdateallinputbg"/>
        <namespace kind="supplement" prefix="out143" uri="http://www.ibm.com/xmlns/prod/websphere/j2ca/jdbc/dboras_account_detail_histupdateallinputbg"/>
        <namespace kind="supplement" prefix="out142" uri="http://www.ibm.com/xmlns/prod/websphere/j2ca/jdbc/dboras_refundlist"/>
        <namespace kind="supplement" prefix="out141" uri="http://www.ibm.com/xmlns/prod/websphere/j2ca/jdbc/dboras_receipt_detailcontainer"/>
        <namespace kind="supplement" prefix="out148" uri="http://www.ibm.com/xmlns/prod/websphere/j2ca/jdbc/dboras_insuredlistbg"/>
        <namespace kind="supplement" prefix="out147" uri="http://www.ibm.com/xmlns/prod/websphere/j2ca/jdbc/dboras_loblist"/>
        <namespace kind="supplement" prefix="out146" uri="http://www.ibm.com/xmlns/prod/websphere/j2ca/jdbc/dboras_ticketcontainer"/>
        <namespace kind="supplement" prefix="out145" uri="http://www.ibm.com/xmlns/prod/websphere/j2ca/jdbc/dboras_account_detailcontainer"/>
        <namespace kind="supplement" prefix="out39" uri="http://www.ibm.com/xmlns/prod/websphere/j2ca/jdbc/dboras_cancellation_reasonbg"/>
        <namespace kind="supplement" prefix="out149" uri="http://www.ibm.com/xmlns/prod/websphere/j2ca/jdbc/dboras_jobsbg"/>
        <namespace kind="supplement" prefix="out35" uri="http://www.ibm.com/xmlns/prod/websphere/j2ca/jdbc/dboras_jobsbatchresult"/>
        <namespace kind="supplement" prefix="out36" uri="http://www.ibm.com/xmlns/prod/websphere/j2ca/jdbc/dboras_account_detailbatchresult"/>
        <namespace kind="supplement" prefix="out37" uri="http://www.ibm.com/xmlns/prod/websphere/j2ca/jdbc/dboras_approverupdateallinput"/>
        <namespace kind="supplement" prefix="out38" uri="http://www.ibm.com/xmlns/prod/websphere/j2ca/jdbc/dboras_cancellation_reasonlist"/>
        <namespace kind="supplement" prefix="out32" uri="http://www.ibm.com/xmlns/prod/websphere/j2ca/jdbc/dboras_insured"/>
        <namespace kind="supplement" prefix="out31" uri="http://www.ibm.com/xmlns/prod/websphere/j2ca/jdbc/dboras_statuslistbg"/>
        <namespace kind="supplement" prefix="out34" uri="http://www.ibm.com/xmlns/prod/websphere/j2ca/jdbc/dboras_app_configlistbg"/>
        <namespace kind="supplement" prefix="out33" uri="http://www.ibm.com/xmlns/prod/websphere/j2ca/jdbc/dboras_cancellation_reasonupdateallinput"/>
        <namespace kind="supplement" prefix="out30" uri="http://www.ibm.com/xmlns/prod/websphere/j2ca/jdbc/dboras_ticketbatchresult"/>
        <namespace kind="supplement" prefix="out150" uri="http://www.ibm.com/xmlns/prod/websphere/j2ca/jdbc/dboras_statusupdateallinputbg"/>
        <namespace kind="supplement" prefix="out151" uri="wsdl.http://Access-ApplicationDB/DBInterface"/>
        <namespace kind="supplement" prefix="out11" uri="http://www.ibm.com/xmlns/prod/websphere/j2ca/jdbc/bulkoperationresult/deleteallresult"/>
        <namespace kind="supplement" prefix="out12" uri="http://www.ibm.com/xmlns/prod/websphere/j2ca/jdbc/dboras_receipt_detail"/>
        <namespace kind="supplement" prefix="out10" uri="http://www.ibm.com/xmlns/prod/websphere/j2ca/jdbc/dboras_cancellation_reasonbatchresult"/>
        <namespace kind="supplement" prefix="out152" uri="http://www.ibm.com/xmlns/prod/websphere/j2ca/jdbc/dboras_approverlist"/>
        <namespace kind="supplement" prefix="out153" uri="http://www.ibm.com/xmlns/prod/websphere/j2ca/jdbc/dboras_account_detail_histlistbg"/>
        <namespace kind="supplement" prefix="out154" uri="http://www.ibm.com/xmlns/prod/websphere/j2ca/jdbc/dboras_ticket_documentsbatchresult"/>
        <namespace kind="supplement" prefix="out155" uri="http://www.ibm.com/xmlns/prod/websphere/j2ca/jdbc/dboras_statuslist"/>
        <namespace kind="supplement" prefix="out101" uri="http://www.ibm.com/xmlns/prod/websphere/j2ca/jdbc/dboras_app_configupdateallinputbg"/>
        <namespace kind="supplement" prefix="out102" uri="http://www.ibm.com/xmlns/prod/websphere/j2ca/jdbc/dboras_policy_detailbatchresult"/>
        <namespace kind="supplement" prefix="out19" uri="http://www.ibm.com/xmlns/prod/websphere/j2ca/jdbc/dboras_cancellation_reasonlistbg"/>
        <namespace kind="supplement" prefix="out103" uri="http://www.ibm.com/xmlns/prod/websphere/j2ca/jdbc/dboras_insuredlist"/>
        <namespace kind="supplement" prefix="out18" uri="http://www.ibm.com/xmlns/prod/websphere/j2ca/jdbc/dboras_cancellation_option"/>
        <namespace kind="supplement" prefix="out104" uri="http://www.ibm.com/xmlns/prod/websphere/j2ca/jdbc/bulkoperationresult/updateallresult"/>
        <namespace kind="supplement" prefix="out17" uri="http://www.ibm.com/xmlns/prod/websphere/j2ca/jdbc/dboras_ticket_histupdateallinputbg"/>
        <namespace kind="supplement" prefix="out16" uri="http://www.ibm.com/xmlns/prod/websphere/j2ca/jdbc/dboras_cancellation_optionbg"/>
        <namespace kind="supplement" prefix="out80" uri="http://www.ibm.com/xmlns/prod/websphere/j2ca/jdbc/dboras_receipt_detailbatchresult"/>
        <namespace kind="supplement" prefix="out15" uri="http://com/ibm/j2ca/fault"/>
        <namespace kind="supplement" prefix="out81" uri="http://www.ibm.com/xmlns/prod/websphere/j2ca/jdbc/dboras_cancellation_optionlist"/>
        <namespace kind="supplement" prefix="out14" uri="http://www.ibm.com/xmlns/prod/websphere/j2ca/jdbc/dboras_ticket_documentslistbg"/>
        <namespace kind="supplement" prefix="out100" uri="http://www.ibm.com/xmlns/prod/websphere/j2ca/jdbc/dboras_policy_detaillistbg"/>
        <namespace kind="supplement" prefix="out13" uri="http://www.ibm.com/xmlns/prod/websphere/j2ca/jdbc/documentmatrixbg"/>
        <namespace kind="supplement" prefix="out109" uri="http://www.ibm.com/xmlns/prod/websphere/j2ca/jdbc/dboras_policy_detailbg"/>
        <namespace kind="supplement" prefix="out84" uri="http://www.ibm.com/xmlns/prod/websphere/j2ca/jdbc/dboras_approvercontainer"/>
        <namespace kind="supplement" prefix="out85" uri="http://www.ibm.com/xmlns/prod/websphere/j2ca/jdbc/dboras_cancellation_reasoncontainer"/>
        <namespace kind="supplement" prefix="out82" uri="http://www.ibm.com/xmlns/prod/websphere/j2ca/jdbc/dboras_account_detail_histcontainer"/>
        <namespace kind="supplement" prefix="out83" uri="http://www.ibm.com/xmlns/prod/websphere/j2ca/jdbc/dboras_approverbg"/>
        <namespace kind="supplement" prefix="out105" uri="http://www.ibm.com/xmlns/prod/websphere/j2ca/jdbc/dboras_ticket_documentsupdateallinputbg"/>
        <namespace kind="supplement" prefix="out88" uri="http://www.ibm.com/xmlns/prod/websphere/j2ca/jdbc/dboras_statusbg"/>
        <namespace kind="supplement" prefix="out106" uri="http://www.ibm.com/xmlns/prod/websphere/j2ca/jdbc/dboras_statusupdateallinput"/>
        <namespace kind="supplement" prefix="out89" uri="http://www.ibm.com/xmlns/prod/websphere/j2ca/jdbc/dboras_ticket_documentsbg"/>
        <namespace kind="supplement" prefix="out107" uri="http://www.ibm.com/xmlns/prod/websphere/j2ca/jdbc/dboras_account_detail_histupdateallinput"/>
        <namespace kind="supplement" prefix="out86" uri="http://www.ibm.com/xmlns/prod/websphere/j2ca/jdbc/dboras_refundcontainer"/>
        <namespace kind="supplement" prefix="out108" uri="http://www.ibm.com/xmlns/prod/websphere/j2ca/jdbc/dboras_lobbg"/>
        <namespace kind="supplement" prefix="out87" uri="http://www.ibm.com/xmlns/prod/websphere/j2ca/jdbc/dboras_refundbg"/>
        <namespace kind="supplement" prefix="out90" uri="http://www.ibm.com/xmlns/prod/websphere/j2ca/jdbc/dboras_app_configupdateallinput"/>
        <namespace kind="supplement" prefix="out91" uri="http://www.ibm.com/xmlns/prod/websphere/j2ca/jdbc/dboras_cancellation_optionbatchresult"/>
        <namespace kind="supplement" prefix="out92" uri="http://www.ibm.com/xmlns/prod/websphere/j2ca/jdbc/dboras_lobupdateallinputbg"/>
        <namespace kind="supplement" prefix="out93" uri="http://www.ibm.com/xmlns/prod/websphere/j2ca/jdbc/dboras_receipt_detailupdateallinputbg"/>
        <namespace kind="supplement" prefix="out94" uri="http://www.ibm.com/xmlns/prod/websphere/j2ca/jdbc/dboras_app_config"/>
        <namespace kind="supplement" prefix="out95" uri="http://www.ibm.com/xmlns/prod/websphere/j2ca/jdbc/dboras_receipt_detaillistbg"/>
        <namespace kind="supplement" prefix="out96" uri="http://www.ibm.com/xmlns/prod/websphere/j2ca/jdbc/dboras_document_masterlistbg"/>
        <namespace kind="supplement" prefix="out97" uri="http://www.ibm.com/xmlns/prod/websphere/j2ca/jdbc/dboras_refundbatchresult"/>
        <namespace kind="supplement" prefix="out98" uri="http://www.ibm.com/xmlns/prod/websphere/j2ca/jdbc/dboras_receipt_detailupdateallinput"/>
        <namespace kind="supplement" prefix="out99" uri="http://www.ibm.com/xmlns/prod/websphere/j2ca/jdbc/dboras_document_mastercontainer"/>
        <namespace kind="supplement" prefix="out69" uri="http://www.ibm.com/xmlns/prod/websphere/j2ca/jdbc/dboras_policy_detailupdateallinputbg"/>
        <namespace kind="supplement" prefix="out68" uri="http://www.ibm.com/xmlns/prod/websphere/j2ca/jdbc/dboras_ticket_histlist"/>
        <namespace kind="supplement" prefix="out66" uri="http://www.ibm.com/xmlns/prod/websphere/j2ca/jdbc/documentmatrixcontainer"/>
        <namespace kind="supplement" prefix="out67" uri="http://www.ibm.com/xmlns/prod/websphere/bo/6.0.0"/>
        <namespace kind="supplement" prefix="out64" uri="http://www.ibm.com/xmlns/prod/websphere/j2ca/jdbc/dboras_account_detailupdateallinputbg"/>
        <namespace kind="supplement" prefix="out65" uri="http://www.ibm.com/xmlns/prod/websphere/j2ca/jdbc/dboras_cancellation_reasonupdateallinputbg"/>
        <namespace kind="supplement" prefix="out62" uri="http://www.ibm.com/xmlns/prod/websphere/j2ca/jdbc/dboras_status"/>
        <namespace kind="supplement" prefix="out63" uri="http://www.ibm.com/xmlns/prod/websphere/j2ca/jdbc/dboras_document_masterbg"/>
        <namespace kind="supplement" prefix="out60" uri="http://www.ibm.com/xmlns/prod/websphere/j2ca/jdbc/dboras_approverbatchresult"/>
        <namespace kind="supplement" prefix="out61" uri="http://www.ibm.com/xmlns/prod/websphere/j2ca/jdbc/dboras_account_detail_hist"/>
        <namespace kind="supplement" prefix="out79" uri="http://www.ibm.com/xmlns/prod/websphere/j2ca/jdbc/dboras_ticketbg"/>
        <namespace kind="supplement" prefix="out70" uri="http://www.ibm.com/xmlns/prod/websphere/j2ca/jdbc/dboras_lobbatchresult"/>
        <namespace kind="supplement" prefix="out75" uri="http://www.ibm.com/xmlns/prod/websphere/j2ca/jdbc/dboras_cancellation_optionupdateallinputbg"/>
        <namespace kind="supplement" prefix="out76" uri="http://www.ibm.com/xmlns/prod/websphere/j2ca/jdbc/dboras_ticket_histupdateallinput"/>
        <namespace kind="supplement" prefix="out77" uri="http://www.ibm.com/xmlns/prod/websphere/j2ca/jdbc/dboras_ticket_documentscontainer"/>
        <namespace kind="supplement" prefix="out78" uri="http://www.ibm.com/xmlns/prod/websphere/j2ca/jdbc/dboras_approverlistbg"/>
        <namespace kind="supplement" prefix="out71" uri="http://www.ibm.com/xmlns/prod/websphere/j2ca/jdbc/dboras_statusbatchresult"/>
        <namespace kind="supplement" prefix="out72" uri="http://www.ibm.com/xmlns/prod/websphere/j2ca/jdbc/dboras_jobsupdateallinput"/>
        <namespace kind="supplement" prefix="out73" uri="http://www.ibm.com/xmlns/prod/websphere/j2ca/jdbc/dboras_cancellation_optionlistbg"/>
        <namespace kind="supplement" prefix="out" uri="http://www.ibm.com/xmlns/prod/websphere/j2ca/jdbc/dboras_exception_histbatchresult"/>
        <namespace kind="supplement" prefix="out74" uri="http://www.ibm.com/xmlns/prod/websphere/j2ca/jdbc/dboras_ticket_histbg"/>
    </namespaces>
    <mappingDeclaration name="getLevels_input_map_req_1">
        <input path="body"/>
        <output path="body"/>
        <move>
            <input path="getLevels/ticketId"/>
            <output path="retrieveallDboRas_ApproverBG/retrieveallDboRas_ApproverBGInput/DboRas_Approver/ticket_id"/>
        </move>
        <move>
            <input path="getLevels/status"/>
            <output path="retrieveallDboRas_ApproverBG/retrieveallDboRas_ApproverBGInput/DboRas_Approver/status"/>
        </move>
    </mappingDeclaration>
</mappingRoot>