<?xml version="1.0" encoding="UTF-8"?><mappingRoot xmlns="http://www.ibm.com/2008/ccl/Mapping" domainID="com.ibm.msl.mapping.xml" targetNamespace="http://RASAccess-ApplicationDB/xslt/output_map_res_2" version="8.0.5.0" xmlns:map="http://RASAccess-ApplicationDB/xslt/output_map_res_2">
    <input correlationContext="" message="{http://Access-ApplicationDB/DBInterface}createDboRas_Exception_HistBGResponseMsg" sharedContext="" smoName="wsdl-primary" transientContext="" type="smo" types="" xpath="/body"/>
    <output correlationContext="" message="{http://TicketDomain-v1.0.0/HandleGeneral}saveExceptionResponseMsg" sharedContext="" smoName="wsdl-primary" transientContext="" type="smo" types="" xpath="/body"/>
    <namespaces>
        <namespace kind="supplement" prefix="in409" uri="http://www.ibm.com/xmlns/prod/websphere/j2ca/jdbc/negativeendorsementdraftticketcontainer"/>
        <namespace kind="supplement" prefix="in403" uri="http://www.ibm.com/xmlns/prod/websphere/j2ca/jdbc/dboras_productupdateallinputbg"/>
        <namespace kind="supplement" prefix="in404" uri="http://www.ibm.com/xmlns/prod/websphere/j2ca/jdbc/updatetransactioncountbg"/>
        <namespace kind="supplement" prefix="in401" uri="http://www.ibm.com/xmlns/prod/websphere/j2ca/jdbc/dboras_user_detailsupdateallinputbg"/>
        <namespace kind="supplement" prefix="in402" uri="http://www.ibm.com/xmlns/prod/websphere/j2ca/jdbc/dboras_statuscontainer"/>
        <namespace kind="supplement" prefix="in407" uri="http://www.ibm.com/xmlns/prod/websphere/j2ca/jdbc/draftidbg"/>
        <namespace kind="supplement" prefix="in408" uri="http://www.ibm.com/xmlns/prod/websphere/j2ca/jdbc/dboras_receipt_detailbg"/>
        <namespace kind="supplement" prefix="in405" uri="http://www.ibm.com/xmlns/prod/websphere/j2ca/jdbc/userdetailscontainer"/>
        <namespace kind="supplement" prefix="in406" uri="http://www.ibm.com/xmlns/prod/websphere/j2ca/jdbc/dboras_exception_histlist"/>
        <namespace kind="supplement" prefix="in400" uri="http://www.ibm.com/xmlns/prod/websphere/j2ca/jdbc/dboras_approval_gridupdateallinputbg"/>
        <namespace kind="supplement" prefix="in" uri="http://www.ibm.com/xmlns/prod/websphere/j2ca/jdbc/dboras_gc_negative_endorsement_service_loggingbg"/>
        <namespace kind="supplement" prefix="io" uri="http://www.w3.org/2005/08/addressing"/>
        <namespace kind="supplement" prefix="in20" uri="http://www.ibm.com/xmlns/prod/websphere/j2ca/jdbc/dboras_policy_detailcontainer"/>
        <namespace kind="supplement" prefix="in22" uri="http://www.ibm.com/xmlns/prod/websphere/j2ca/jdbc/dboras_report_accessbatchresult"/>
        <namespace kind="supplement" prefix="in21" uri="http://www.ibm.com/xmlns/prod/websphere/j2ca/jdbc/dboras_lobupdateallinputbg"/>
        <namespace kind="supplement" prefix="in24" uri="http://www.ibm.com/xmlns/prod/websphere/j2ca/jdbc/dboras_ticket_histlistbg"/>
        <namespace kind="supplement" prefix="in23" uri="http://www.ibm.com/xmlns/prod/websphere/j2ca/jdbc/dboras_error_code_master"/>
        <namespace kind="supplement" prefix="in26" uri="http://www.ibm.com/xmlns/prod/websphere/j2ca/jdbc/dboras_statuslistbg"/>
        <namespace kind="supplement" prefix="in25" uri="http://www.ibm.com/xmlns/prod/websphere/j2ca/jdbc/dboras_cancellation_optioncontainer"/>
        <namespace kind="supplement" prefix="in28" uri="http://www.ibm.com/xmlns/prod/websphere/j2ca/jdbc/dboras_holiday_schedulelistbg"/>
        <namespace kind="supplement" prefix="in27" uri="http://www.ibm.com/xmlns/prod/websphere/j2ca/jdbc/dboras_account_detail_histbg"/>
        <namespace kind="supplement" prefix="in29" uri="http://www.ibm.com/xmlns/prod/websphere/j2ca/jdbc/dboras_gc_negative_endorsement_draft_ticket"/>
        <namespace kind="supplement" prefix="in197" uri="http://www.ibm.com/xmlns/prod/websphere/j2ca/jdbc/dboras_ticket_histupdateallinputbg"/>
        <namespace kind="supplement" prefix="in198" uri="http://www.ibm.com/xmlns/prod/websphere/j2ca/jdbc/bopschannelntidconfigcontainer"/>
        <namespace kind="supplement" prefix="in195" uri="http://www.ibm.com/xmlns/prod/websphere/j2ca/jdbc/dboras_loblistbg"/>
        <namespace kind="supplement" prefix="in196" uri="http://www.ibm.com/xmlns/prod/websphere/j2ca/jdbc/dboras_gc_negative_endorsement_service_loggingbatchresult"/>
        <namespace kind="supplement" prefix="in11" uri="http://www.ibm.com/xmlns/prod/websphere/j2ca/jdbc/dboras_bulk_file_loglist"/>
        <namespace kind="supplement" prefix="in10" uri="http://www.ibm.com/xmlns/prod/websphere/j2ca/jdbc/cancellationoptioncontainer"/>
        <namespace kind="supplement" prefix="in13" uri="http://www.ibm.com/xmlns/prod/websphere/j2ca/jdbc/dboras_reverse_feed_status_masterupdateallinputbg"/>
        <namespace kind="supplement" prefix="in199" uri="http://www.ibm.com/xmlns/prod/websphere/j2ca/jdbc/dboras_insuredupdateallinputbg"/>
        <namespace kind="supplement" prefix="in12" uri="http://www.ibm.com/xmlns/prod/websphere/j2ca/jdbc/ticketdetailspolicynocontainer"/>
        <namespace kind="supplement" prefix="in15" uri="http://www.ibm.com/xmlns/prod/websphere/j2ca/jdbc/dboras_gc_transactionbg"/>
        <namespace kind="supplement" prefix="in14" uri="http://www.ibm.com/xmlns/prod/websphere/j2ca/jdbc/negativeendorsementdraftidbg"/>
        <namespace kind="supplement" prefix="in190" uri="http://www.ibm.com/xmlns/prod/websphere/j2ca/jdbc/dboras_uploaded_filebatchresult"/>
        <namespace kind="supplement" prefix="in17" uri="http://www.ibm.com/xmlns/prod/websphere/j2ca/jdbc/dboras_excess_refund_reverse_feedlistbg"/>
        <namespace kind="supplement" prefix="in16" uri="http://www.ibm.com/xmlns/prod/websphere/j2ca/jdbc/ticketdetailspolicynoapplicationno"/>
        <namespace kind="supplement" prefix="in19" uri="http://www.ibm.com/xmlns/prod/websphere/j2ca/jdbc/dboras_excess_refund_servicelistbg"/>
        <namespace kind="supplement" prefix="in193" uri="http://www.ibm.com/xmlns/prod/websphere/j2ca/jdbc/dboras_excess_refund_serviceupdateallinputbg"/>
        <namespace kind="supplement" prefix="in18" uri="http://www.ibm.com/xmlns/prod/websphere/j2ca/jdbc/dboras_excess_refund_servicebatchresult"/>
        <namespace kind="supplement" prefix="in194" uri="http://www.ibm.com/xmlns/prod/websphere/j2ca/jdbc/dboras_app_configlistbg"/>
        <namespace kind="supplement" prefix="in191" uri="http://www.ibm.com/xmlns/prod/websphere/j2ca/jdbc/dboras_bops_channel_ntid_configupdateallinputbg"/>
        <namespace kind="supplement" prefix="in192" uri="http://www.ibm.com/xmlns/prod/websphere/j2ca/jdbc/dboras_document_masterupdateallinputbg"/>
        <namespace kind="supplement" prefix="in40" uri="http://www.ibm.com/xmlns/prod/websphere/j2ca/jdbc/dboras_excess_refund_draftcontainer"/>
        <namespace kind="supplement" prefix="in186" uri="wsdl.http://Access-ApplicationDB/DBInterface"/>
        <namespace kind="supplement" prefix="in187" uri="http://www.ibm.com/xmlns/prod/websphere/j2ca/jdbc/dboras_ticketbg"/>
        <namespace kind="supplement" prefix="in42" uri="http://www.ibm.com/xmlns/prod/websphere/j2ca/jdbc/dboras_bulk_file_logupdateallinput"/>
        <namespace kind="supplement" prefix="in184" uri="http://www.ibm.com/xmlns/prod/websphere/j2ca/jdbc/draftid"/>
        <namespace kind="supplement" prefix="in41" uri="http://www.ibm.com/xmlns/prod/websphere/j2ca/jdbc/dboras_scheduler_statuslist"/>
        <namespace kind="supplement" prefix="in185" uri="http://www.ibm.com/xmlns/prod/websphere/j2ca/jdbc/updateticketstatusbg"/>
        <namespace kind="supplement" prefix="in44" uri="http://www.ibm.com/xmlns/prod/websphere/j2ca/jdbc/draftticketid"/>
        <namespace kind="supplement" prefix="in43" uri="http://www.ibm.com/xmlns/prod/websphere/j2ca/jdbc/dboras_error_code_masterbg"/>
        <namespace kind="supplement" prefix="in46" uri="http://www.ibm.com/xmlns/prod/websphere/j2ca/jdbc/appconfigcontainer"/>
        <namespace kind="supplement" prefix="in188" uri="http://www.ibm.com/xmlns/prod/websphere/j2ca/jdbc/dboras_exception_histupdateallinput"/>
        <namespace kind="supplement" prefix="in45" uri="http://www.ibm.com/xmlns/prod/websphere/j2ca/jdbc/dboras_refund"/>
        <namespace kind="supplement" prefix="in189" uri="http://www.ibm.com/xmlns/prod/websphere/j2ca/jdbc/dboras_bops_channel_ntid_configlist"/>
        <namespace kind="supplement" prefix="in48" uri="http://www.ibm.com/xmlns/prod/websphere/j2ca/jdbc/updatepolicydetails"/>
        <namespace kind="supplement" prefix="in47" uri="http://www.ibm.com/xmlns/prod/websphere/j2ca/jdbc/bankdetailscontainer"/>
        <namespace kind="supplement" prefix="in49" uri="http://www.ibm.com/xmlns/prod/websphere/j2ca/jdbc/negativeendorsementlobproductbg"/>
        <namespace kind="supplement" prefix="in182" uri="http://www.ibm.com/xmlns/prod/websphere/j2ca/jdbc/dboras_work_schedulecontainer"/>
        <namespace kind="supplement" prefix="in183" uri="http://www.ibm.com/xmlns/prod/websphere/j2ca/jdbc/dboras_excess_refund_draftlistbg"/>
        <namespace kind="supplement" prefix="in180" uri="http://www.ibm.com/xmlns/prod/websphere/j2ca/jdbc/dboras_scheduler_statusupdateallinput"/>
        <namespace kind="supplement" prefix="in181" uri="http://www.ibm.com/xmlns/prod/websphere/j2ca/jdbc/reversefeedstatusbg"/>
        <namespace kind="supplement" prefix="in175" uri="http://www.ibm.com/xmlns/prod/websphere/j2ca/jdbc/dboras_account_detailbg"/>
        <namespace kind="supplement" prefix="in296" uri="http://www.ibm.com/xmlns/prod/websphere/j2ca/jdbc/negativeendorsementproductcode"/>
        <namespace kind="supplement" prefix="in176" uri="http://www.ibm.com/xmlns/prod/websphere/j2ca/jdbc/documentmatrixbg"/>
        <namespace kind="supplement" prefix="in297" uri="http://www.ibm.com/xmlns/prod/websphere/j2ca/jdbc/dboras_bops_channel_ntid_configbg"/>
        <namespace kind="supplement" prefix="in31" uri="http://www.ibm.com/xmlns/prod/websphere/j2ca/jdbc/policydetailspolicynocertificatenobg"/>
        <namespace kind="supplement" prefix="in173" uri="http://www.ibm.com/xmlns/prod/websphere/j2ca/jdbc/dboras_account_detail_histlistbg"/>
        <namespace kind="supplement" prefix="in294" uri="http://www.ibm.com/xmlns/prod/websphere/j2ca/jdbc/dboras_excess_refund_reverse_feedupdateallinputbg"/>
        <namespace kind="supplement" prefix="in30" uri="http://www.ibm.com/xmlns/prod/websphere/j2ca/jdbc/productbg"/>
        <namespace kind="supplement" prefix="in174" uri="http://www.ibm.com/xmlns/prod/websphere/j2ca/jdbc/dboras_jobsupdateallinputbg"/>
        <namespace kind="supplement" prefix="in295" uri="http://www.ibm.com/xmlns/prod/websphere/j2ca/jdbc/dboras_gc_negative_endorsement_service_logginglist"/>
        <namespace kind="supplement" prefix="in33" uri="http://www.ibm.com/xmlns/prod/websphere/j2ca/jdbc/dboras_policy_detaillistbg"/>
        <namespace kind="supplement" prefix="in179" uri="http://www.ibm.com/xmlns/prod/websphere/j2ca/jdbc/dboras_receipt_detailupdateallinputbg"/>
        <namespace kind="supplement" prefix="in32" uri="http://www.ibm.com/xmlns/prod/websphere/j2ca/jdbc/bankdetailsbg"/>
        <namespace kind="supplement" prefix="in35" uri="http://www.ibm.com/xmlns/prod/websphere/j2ca/jdbc/dboras_ticketcontainer"/>
        <namespace kind="supplement" prefix="in177" uri="http://www.ibm.com/xmlns/prod/websphere/j2ca/jdbc/dboras_user_detailsbatchresult"/>
        <namespace kind="supplement" prefix="in298" uri="http://www.ibm.com/xmlns/prod/websphere/j2ca/jdbc/dboras_jobslist"/>
        <namespace kind="supplement" prefix="in34" uri="http://www.ibm.com/xmlns/prod/websphere/j2ca/jdbc/dboras_cancellation_reasonbg"/>
        <namespace kind="supplement" prefix="in178" uri="http://www.ibm.com/xmlns/prod/websphere/j2ca/jdbc/dboras_gc_negative_endorsement_draft_ticketlistbg"/>
        <namespace kind="supplement" prefix="in299" uri="http://www.ibm.com/xmlns/prod/websphere/j2ca/jdbc/dboras_gc_negative_endorsement_service_logginglistbg"/>
        <namespace kind="supplement" prefix="in37" uri="http://www.ibm.com/xmlns/prod/websphere/j2ca/jdbc/dboras_report_accesslist"/>
        <namespace kind="supplement" prefix="in36" uri="http://www.ibm.com/xmlns/prod/websphere/j2ca/jdbc/dboras_work_schedulelistbg"/>
        <namespace kind="supplement" prefix="in39" uri="http://www.ibm.com/xmlns/prod/websphere/j2ca/jdbc/updateaccountdetails"/>
        <namespace kind="supplement" prefix="in38" uri="http://www.ibm.com/xmlns/prod/websphere/j2ca/jdbc/dboras_ticket"/>
        <namespace kind="supplement" prefix="in171" uri="http://www.ibm.com/xmlns/prod/websphere/j2ca/jdbc/dboras_policy_detailbg"/>
        <namespace kind="supplement" prefix="in292" uri="http://www.ibm.com/xmlns/prod/websphere/j2ca/jdbc/dboras_app_configupdateallinput"/>
        <namespace kind="supplement" prefix="in172" uri="http://www.ibm.com/xmlns/prod/websphere/j2ca/jdbc/dboras_excess_refund_draftupdateallinput"/>
        <namespace kind="supplement" prefix="in293" uri="http://www.ibm.com/xmlns/prod/websphere/j2ca/jdbc/dboras_user_detailslist"/>
        <namespace kind="supplement" prefix="in290" uri="http://www.ibm.com/xmlns/prod/websphere/j2ca/jdbc/dboras_ticket_histupdateallinput"/>
        <namespace kind="supplement" prefix="in170" uri="http://www.ibm.com/xmlns/prod/websphere/j2ca/jdbc/dboras_cancellation_reasoncontainer"/>
        <namespace kind="supplement" prefix="in291" uri="http://www.ibm.com/xmlns/prod/websphere/j2ca/jdbc/dboras_valid_proposal_statuslist"/>
        <namespace kind="supplement" prefix="in71" uri="http://www.ibm.com/xmlns/prod/websphere/j2ca/jdbc/dboras_gc_negative_endorsement_draft_ticketbg"/>
        <namespace kind="supplement" prefix="in70" uri="http://www.ibm.com/xmlns/prod/websphere/j2ca/jdbc/updateticketdetailstatus"/>
        <namespace kind="supplement" prefix="in62" uri="http://www.ibm.com/xmlns/prod/websphere/j2ca/jdbc/dboras_report_access"/>
        <namespace kind="supplement" prefix="in164" uri="http://www.ibm.com/xmlns/prod/websphere/j2ca/jdbc/dboras_approverbatchresult"/>
        <namespace kind="supplement" prefix="in285" uri="http://Access-ApplicationDB/DBInterface"/>
        <namespace kind="supplement" prefix="in61" uri="http://www.ibm.com/xmlns/prod/websphere/j2ca/jdbc/dboras_holiday_schedulebg"/>
        <namespace kind="supplement" prefix="in165" uri="http://www.ibm.com/xmlns/prod/websphere/j2ca/jdbc/gctransactiondetailsbg"/>
        <namespace kind="supplement" prefix="in286" uri="http://www.ibm.com/xmlns/prod/websphere/j2ca/jdbc/dboras_receipt_detail"/>
        <namespace kind="supplement" prefix="in64" uri="http://www.ibm.com/xmlns/prod/websphere/j2ca/jdbc/dboras_report_accessupdateallinputbg"/>
        <namespace kind="supplement" prefix="in162" uri="http://www.ibm.com/xmlns/prod/websphere/j2ca/jdbc/cancellationreasonbg"/>
        <namespace kind="supplement" prefix="in283" uri="http://www.ibm.com/xmlns/prod/websphere/j2ca/jdbc/updateticketdetailstatusbg"/>
        <namespace kind="supplement" prefix="in63" uri="http://www.ibm.com/xmlns/prod/websphere/j2ca/jdbc/productcontainer"/>
        <namespace kind="supplement" prefix="in163" uri="http://www.ibm.com/xmlns/prod/websphere/j2ca/jdbc/dboras_ticketlistbg"/>
        <namespace kind="supplement" prefix="in284" uri="http://www.ibm.com/xmlns/prod/websphere/j2ca/jdbc/dboras_excess_refund_draftlist"/>
        <namespace kind="supplement" prefix="in66" uri="http://www.ibm.com/xmlns/prod/websphere/j2ca/jdbc/dboras_work_schedule"/>
        <namespace kind="supplement" prefix="in168" uri="http://www.ibm.com/xmlns/prod/websphere/j2ca/jdbc/ticketdetailsreceiptno"/>
        <namespace kind="supplement" prefix="in289" uri="http://www.ibm.com/xmlns/prod/websphere/j2ca/jdbc/dboras_refund_histupdateallinputbg"/>
        <namespace kind="supplement" prefix="in65" uri="http://www.ibm.com/xmlns/prod/websphere/j2ca/jdbc/negativeendorsementlobbg"/>
        <namespace kind="supplement" prefix="in169" uri="http://www.ibm.com/xmlns/prod/websphere/j2ca/jdbc/dboras_error_code_masterupdateallinputbg"/>
        <namespace kind="supplement" prefix="in68" uri="http://www.ibm.com/xmlns/prod/websphere/j2ca/jdbc/policydetailspolicynoproposalnocontainer"/>
        <namespace kind="supplement" prefix="in166" uri="http://www.ibm.com/xmlns/prod/websphere/j2ca/jdbc/dboras_ticketlist"/>
        <namespace kind="supplement" prefix="in287" uri="http://www.ibm.com/xmlns/prod/websphere/j2ca/jdbc/dboras_receipt_detaillistbg"/>
        <namespace kind="supplement" prefix="in67" uri="http://www.ibm.com/xmlns/prod/websphere/j2ca/jdbc/dboras_holiday_scheduleupdateallinput"/>
        <namespace kind="supplement" prefix="in167" uri="http://www.ibm.com/xmlns/prod/websphere/j2ca/jdbc/dboras_account_detaillistbg"/>
        <namespace kind="supplement" prefix="in288" uri="http://www.ibm.com/xmlns/prod/websphere/j2ca/jdbc/dboras_icrm_service_responsebg"/>
        <namespace kind="supplement" prefix="in69" uri="http://www.ibm.com/xmlns/prod/websphere/j2ca/jdbc/reversefeedidbg"/>
        <namespace kind="supplement" prefix="in160" uri="http://www.ibm.com/xmlns/prod/websphere/j2ca/jdbc/dboras_exception_histupdateallinputbg"/>
        <namespace kind="supplement" prefix="in281" uri="http://www.ibm.com/xmlns/prod/websphere/j2ca/jdbc/dboras_uploaded_filebg"/>
        <namespace kind="supplement" prefix="in161" uri="http://www.ibm.com/xmlns/prod/websphere/j2ca/jdbc/dboras_user_detailslistbg"/>
        <namespace kind="supplement" prefix="in282" uri="http://www.ibm.com/xmlns/prod/websphere/j2ca/jdbc/ccmrequestidbg"/>
        <namespace kind="supplement" prefix="in280" uri="http://www.ibm.com/xmlns/prod/websphere/j2ca/jdbc/dboras_status"/>
        <namespace kind="supplement" prefix="in159" uri="http://www.ibm.com/xmlns/prod/websphere/j2ca/jdbc/dboras_refundlistbg"/>
        <namespace kind="supplement" prefix="in60" uri="http://www.ibm.com/xmlns/prod/websphere/j2ca/jdbc/policydetailspolicynoproposalnobg"/>
        <namespace kind="supplement" prefix="in51" uri="http://www.ibm.com/xmlns/prod/websphere/j2ca/jdbc/dboras_productlistbg"/>
        <namespace kind="supplement" prefix="in153" uri="http://www.ibm.com/xmlns/prod/websphere/j2ca/jdbc/dboras_holiday_schedulebatchresult"/>
        <namespace kind="supplement" prefix="in274" uri="http://www.ibm.com/xmlns/prod/websphere/j2ca/jdbc/dboras_ticket_documentscontainer"/>
        <namespace kind="supplement" prefix="in395" uri="http://www.ibm.com/xmlns/prod/websphere/j2ca/jdbc/updateinsureddetailsbg"/>
        <namespace kind="supplement" prefix="in50" uri="http://www.ibm.com/xmlns/prod/websphere/j2ca/jdbc/dboras_valid_proposal_statuslistbg"/>
        <namespace kind="supplement" prefix="in154" uri="http://www.ibm.com/xmlns/prod/websphere/j2ca/jdbc/gctransactionidcontainer"/>
        <namespace kind="supplement" prefix="in275" uri="http://www.ibm.com/xmlns/prod/websphere/j2ca/jdbc/refunddetails"/>
        <namespace kind="supplement" prefix="in396" uri="http://www.ibm.com/xmlns/prod/websphere/j2ca/jdbc/dboras_uploaded_filelist"/>
        <namespace kind="supplement" prefix="in53" uri="http://www.ibm.com/xmlns/prod/websphere/j2ca/jdbc/dboras_excess_refund_servicecontainer"/>
        <namespace kind="supplement" prefix="in151" uri="http://www.ibm.com/xmlns/prod/websphere/j2ca/jdbc/dboras_approval_gridlistbg"/>
        <namespace kind="supplement" prefix="in272" uri="http://www.ibm.com/xmlns/prod/websphere/j2ca/jdbc/dboras_error_code_mastercontainer"/>
        <namespace kind="supplement" prefix="in393" uri="http://www.ibm.com/xmlns/prod/websphere/j2ca/jdbc/updateexcessrefundreversefeedbg"/>
        <namespace kind="supplement" prefix="in52" uri="http://www.ibm.com/xmlns/prod/websphere/j2ca/jdbc/ccmrequestidcontainer"/>
        <namespace kind="supplement" prefix="in152" uri="http://www.ibm.com/xmlns/prod/websphere/j2ca/jdbc/updatenegativeendorsementdraftticketdetails"/>
        <namespace kind="supplement" prefix="in273" uri="http://www.ibm.com/xmlns/prod/websphere/j2ca/jdbc/insureddetailscontainer"/>
        <namespace kind="supplement" prefix="in394" uri="http://www.ibm.com/xmlns/prod/websphere/j2ca/jdbc/dboras_bank_detailslistbg"/>
        <namespace kind="supplement" prefix="in55" uri="http://www.ibm.com/xmlns/prod/websphere/j2ca/jdbc/dboras_exception_histbg"/>
        <namespace kind="supplement" prefix="in157" uri="http://www.ibm.com/xmlns/prod/websphere/j2ca/jdbc/policydetails"/>
        <namespace kind="supplement" prefix="in278" uri="http://www.ibm.com/xmlns/prod/websphere/j2ca/jdbc/negativeendorsementdraftticket"/>
        <namespace kind="supplement" prefix="in399" uri="http://www.ibm.com/xmlns/prod/websphere/j2ca/jdbc/dboras_document_masterlist"/>
        <namespace kind="supplement" prefix="in54" uri="http://www.ibm.com/xmlns/prod/websphere/j2ca/jdbc/dboras_bank_details"/>
        <namespace kind="supplement" prefix="in158" uri="http://www.ibm.com/xmlns/prod/websphere/j2ca/jdbc/dboras_user_details"/>
        <namespace kind="supplement" prefix="in279" uri="http://www.ibm.com/xmlns/prod/websphere/j2ca/jdbc/ticketdetailspolicynobg"/>
        <namespace kind="supplement" prefix="in57" uri="http://www.ibm.com/xmlns/prod/websphere/j2ca/jdbc/dboras_work_scheduleupdateallinput"/>
        <namespace kind="supplement" prefix="in155" uri="http://www.ibm.com/xmlns/prod/websphere/j2ca/jdbc/lobcontainer"/>
        <namespace kind="supplement" prefix="in276" uri="http://www.ibm.com/xmlns/prod/websphere/j2ca/jdbc/dboras_refund_histcontainer"/>
        <namespace kind="supplement" prefix="in397" uri="http://www.ibm.com/xmlns/prod/websphere/j2ca/jdbc/reversefeedstatuscontainer"/>
        <namespace kind="supplement" prefix="in56" uri="http://www.ibm.com/xmlns/prod/websphere/j2ca/jdbc/dboras_policy_detailupdateallinput"/>
        <namespace kind="supplement" prefix="in156" uri="http://www.ibm.com/xmlns/prod/websphere/j2ca/jdbc/updateappcongfigslno"/>
        <namespace kind="supplement" prefix="in277" uri="http://www.ibm.com/xmlns/prod/websphere/j2ca/jdbc/draftnobg"/>
        <namespace kind="supplement" prefix="in398" uri="http://www.ibm.com/xmlns/prod/websphere/j2ca/jdbc/dboras_cancellation_optionbatchresult"/>
        <namespace kind="supplement" prefix="in59" uri="http://www.ibm.com/xmlns/prod/websphere/j2ca/jdbc/dboras_app_configbatchresult"/>
        <namespace kind="supplement" prefix="in58" uri="http://www.ibm.com/xmlns/prod/websphere/j2ca/jdbc/updateexcessrefunddraftidbg"/>
        <namespace kind="supplement" prefix="in270" uri="http://www.ibm.com/xmlns/prod/websphere/j2ca/jdbc/dboras_account_detail_histupdateallinputbg"/>
        <namespace kind="supplement" prefix="in391" uri="http://www.ibm.com/xmlns/prod/websphere/j2ca/jdbc/dboras_reverse_feed_status_masterupdateallinput"/>
        <namespace kind="supplement" prefix="in150" uri="http://www.ibm.com/xmlns/prod/websphere/j2ca/jdbc/dboras_cancellation_optionlist"/>
        <namespace kind="supplement" prefix="in271" uri="http://www.ibm.com/xmlns/prod/websphere/j2ca/jdbc/dboras_error_code_masterbatchresult"/>
        <namespace kind="supplement" prefix="in392" uri="http://www.ibm.com/xmlns/prod/websphere/j2ca/jdbc/dboras_gc_transactionlistbg"/>
        <namespace kind="supplement" prefix="in390" uri="http://www.ibm.com/xmlns/prod/websphere/j2ca/jdbc/dboras_app_configupdateallinputbg"/>
        <namespace kind="supplement" prefix="in148" uri="http://www.ibm.com/xmlns/prod/websphere/j2ca/jdbc/draftticketcontainer"/>
        <namespace kind="supplement" prefix="in269" uri="http://www.ibm.com/xmlns/prod/websphere/j2ca/jdbc/dboras_excess_refund_draftbatchresult"/>
        <namespace kind="supplement" prefix="in149" uri="http://www.ibm.com/xmlns/prod/websphere/j2ca/jdbc/dboras_approval_gridcontainer"/>
        <namespace kind="supplement" prefix="in91" uri="http://www.ibm.com/xmlns/prod/websphere/j2ca/jdbc/lob"/>
        <namespace kind="supplement" prefix="in90" uri="http://www.ibm.com/xmlns/prod/websphere/j2ca/jdbc/dboras_gc_transaction"/>
        <namespace kind="supplement" prefix="in93" uri="http://www.ibm.com/xmlns/prod/websphere/j2ca/jdbc/dboras_valid_proposal_statusbatchresult"/>
        <namespace kind="supplement" prefix="in92" uri="http://www.ibm.com/xmlns/prod/websphere/j2ca/jdbc/dboras_gc_transactionupdateallinputbg"/>
        <namespace kind="supplement" prefix="in84" uri="http://www.ibm.com/xmlns/prod/websphere/j2ca/jdbc/documentmatrix"/>
        <namespace kind="supplement" prefix="in142" uri="http://www.ibm.com/xmlns/prod/websphere/j2ca/jdbc/policydetailspolicynolannocontainer"/>
        <namespace kind="supplement" prefix="in263" uri="http://www.ibm.com/xmlns/prod/websphere/j2ca/jdbc/dboras_excess_refund_draft"/>
        <namespace kind="supplement" prefix="in384" uri="http://www.ibm.com/xmlns/prod/websphere/j2ca/jdbc/dboras_excess_refund_servicelist"/>
        <namespace kind="supplement" prefix="in83" uri="http://www.ibm.com/xmlns/prod/websphere/j2ca/jdbc/existsresult/existsresult"/>
        <namespace kind="supplement" prefix="in143" uri="http://www.ibm.com/xmlns/prod/websphere/j2ca/jdbc/dboras_app_configlist"/>
        <namespace kind="supplement" prefix="in264" uri="http://www.ibm.com/xmlns/prod/websphere/j2ca/jdbc/negativeendorsementlobproduct"/>
        <namespace kind="supplement" prefix="in385" uri="http://www.ibm.com/xmlns/prod/websphere/j2ca/jdbc/draftticketidcontainer"/>
        <namespace kind="supplement" prefix="in86" uri="http://www.ibm.com/xmlns/prod/websphere/j2ca/jdbc/draftno"/>
        <namespace kind="supplement" prefix="in140" uri="http://www.ibm.com/xmlns/prod/websphere/j2ca/jdbc/dboras_bops_channel_ntid_config"/>
        <namespace kind="supplement" prefix="in261" uri="http://www.ibm.com/xmlns/prod/websphere/j2ca/jdbc/dboras_approval_gridbg"/>
        <namespace kind="supplement" prefix="in382" uri="http://www.ibm.com/xmlns/prod/websphere/j2ca/jdbc/policydetailspolicynoproposalno"/>
        <namespace kind="supplement" prefix="in85" uri="http://www.ibm.com/xmlns/prod/websphere/j2ca/jdbc/negativeendorsementdraftnocontainer"/>
        <namespace kind="supplement" prefix="in141" uri="http://www.ibm.com/xmlns/prod/websphere/j2ca/jdbc/dboras_jobsbg"/>
        <namespace kind="supplement" prefix="in262" uri="http://www.ibm.com/xmlns/prod/websphere/j2ca/jdbc/ticketdetailspolicynoapplicationnocontainer"/>
        <namespace kind="supplement" prefix="in383" uri="http://www.ibm.com/xmlns/prod/websphere/j2ca/jdbc/updateaccountdetailsbg"/>
        <namespace kind="supplement" prefix="in88" uri="http://www.ibm.com/xmlns/prod/websphere/j2ca/jdbc/dboras_gc_transactionupdateallinput"/>
        <namespace kind="supplement" prefix="in146" uri="http://www.ibm.com/xmlns/prod/websphere/j2ca/jdbc/policydetailscontainer"/>
        <namespace kind="supplement" prefix="in267" uri="http://www.ibm.com/xmlns/prod/websphere/j2ca/jdbc/negativeendorsementproductnamebg"/>
        <namespace kind="supplement" prefix="in388" uri="http://www.ibm.com/xmlns/prod/websphere/j2ca/jdbc/dboras_ticket_documentsbatchresult"/>
        <namespace kind="supplement" prefix="in87" uri="http://www.ibm.com/xmlns/prod/websphere/j2ca/jdbc/updateticketstatus"/>
        <namespace kind="supplement" prefix="in147" uri="http://www.ibm.com/xmlns/prod/websphere/j2ca/jdbc/dboras_app_configcontainer"/>
        <namespace kind="supplement" prefix="in268" uri="http://www.ibm.com/xmlns/prod/websphere/j2ca/jdbc/dboras_receipt_detailupdateallinput"/>
        <namespace kind="supplement" prefix="in389" uri="http://www.ibm.com/xmlns/prod/websphere/j2ca/jdbc/negativeendorsementlobproductcontainer"/>
        <namespace kind="supplement" prefix="in144" uri="http://www.ibm.com/xmlns/prod/websphere/j2ca/jdbc/updatepolicydetailsbg"/>
        <namespace kind="supplement" prefix="in265" uri="http://www.ibm.com/xmlns/prod/websphere/j2ca/jdbc/dboras_insuredupdateallinput"/>
        <namespace kind="supplement" prefix="in386" uri="http://www.ibm.com/xmlns/prod/websphere/j2ca/jdbc/dboras_holiday_schedulelist"/>
        <namespace kind="supplement" prefix="in89" uri="http://www.ibm.com/xmlns/prod/websphere/j2ca/jdbc/dboras_approver"/>
        <namespace kind="supplement" prefix="in145" uri="http://www.ibm.com/xmlns/prod/websphere/j2ca/jdbc/dboras_valid_proposal_statusbg"/>
        <namespace kind="supplement" prefix="in266" uri="http://www.ibm.com/xmlns/prod/websphere/j2ca/jdbc/negativeendorsementlob"/>
        <namespace kind="supplement" prefix="in387" uri="http://www.ibm.com/xmlns/prod/websphere/j2ca/jdbc/cancellationreasoncontainer"/>
        <namespace kind="supplement" prefix="in380" uri="http://www.ibm.com/xmlns/prod/websphere/j2ca/jdbc/dboras_gc_negative_endorsement_draft_ticketupdateallinputbg"/>
        <namespace kind="supplement" prefix="in260" uri="http://www.ibm.com/xmlns/prod/websphere/j2ca/jdbc/lobbg"/>
        <namespace kind="supplement" prefix="in381" uri="http://www.ibm.com/xmlns/prod/websphere/j2ca/jdbc/dboras_account_detail_histcontainer"/>
        <namespace kind="supplement" prefix="in139" uri="http://www.ibm.com/xmlns/prod/websphere/j2ca/jdbc/userdetails"/>
        <namespace kind="supplement" prefix="in137" uri="http://www.ibm.com/xmlns/prod/websphere/j2ca/jdbc/updategctransactiondetails"/>
        <namespace kind="supplement" prefix="in258" uri="http://www.ibm.com/xmlns/prod/websphere/j2ca/jdbc/ticketdetailscontainer"/>
        <namespace kind="supplement" prefix="in379" uri="http://www.ibm.com/xmlns/prod/websphere/j2ca/jdbc/receiptdetails"/>
        <namespace kind="supplement" prefix="in138" uri="http://www.ibm.com/xmlns/prod/websphere/j2ca/jdbc/draftticketbg"/>
        <namespace kind="supplement" prefix="in259" uri="http://www.ibm.com/xmlns/prod/websphere/j2ca/jdbc/ticketdetailspolicynoapplicationnobg"/>
        <namespace kind="supplement" prefix="in80" uri="http://www.ibm.com/xmlns/prod/websphere/j2ca/jdbc/updatereceiptdetails"/>
        <namespace kind="supplement" prefix="in82" uri="http://www.ibm.com/xmlns/prod/websphere/j2ca/jdbc/dboras_scheduler_statuscontainer"/>
        <namespace kind="supplement" prefix="in81" uri="http://www.ibm.com/xmlns/prod/websphere/j2ca/jdbc/dboras_refund_histbg"/>
        <namespace kind="supplement" prefix="in73" uri="http://www.ibm.com/xmlns/prod/websphere/j2ca/jdbc/updateexcessrefundservice"/>
        <namespace kind="supplement" prefix="in131" uri="http://www.ibm.com/xmlns/prod/websphere/j2ca/jdbc/dboras_ticket_histbg"/>
        <namespace kind="supplement" prefix="in252" uri="http://www.ibm.com/xmlns/prod/websphere/j2ca/jdbc/dboras_valid_proposal_statusupdateallinput"/>
        <namespace kind="supplement" prefix="in373" uri="http://www.ibm.com/xmlns/prod/websphere/j2ca/jdbc/dboras_refund_histupdateallinput"/>
        <namespace kind="supplement" prefix="in494" uri="http://www.ibm.com/xmlns/prod/websphere/j2ca/jdbc/dboras_account_detailcontainer"/>
        <namespace kind="supplement" prefix="in72" uri="http://www.ibm.com/xmlns/prod/websphere/j2ca/jdbc/dboras_statuslist"/>
        <namespace kind="supplement" prefix="in132" uri="http://www.ibm.com/xmlns/prod/websphere/j2ca/jdbc/updateccmtransactiondeatils"/>
        <namespace kind="supplement" prefix="in253" uri="http://www.ibm.com/xmlns/prod/websphere/j2ca/jdbc/serviceid"/>
        <namespace kind="supplement" prefix="in374" uri="http://www.ibm.com/xmlns/prod/websphere/j2ca/jdbc/negativeendorsementproductcodebg"/>
        <namespace kind="supplement" prefix="in495" uri="http://www.ibm.com/xmlns/prod/websphere/j2ca/jdbc/dboras_refundbatchresult"/>
        <namespace kind="supplement" prefix="in75" uri="http://www.ibm.com/xmlns/prod/websphere/j2ca/jdbc/dboras_statusbatchresult"/>
        <namespace kind="supplement" prefix="in250" uri="http://www.ibm.com/xmlns/prod/websphere/j2ca/jdbc/updateticketdetailsbg"/>
        <namespace kind="supplement" prefix="in371" uri="http://www.ibm.com/xmlns/prod/websphere/j2ca/jdbc/dboras_scheduler_statusbatchresult"/>
        <namespace kind="supplement" prefix="in492" uri="http://www.ibm.com/xmlns/prod/websphere/j2ca/jdbc/policydetailspolicynolannobg"/>
        <namespace kind="supplement" prefix="in74" uri="http://www.ibm.com/xmlns/prod/websphere/j2ca/jdbc/dboras_productbg"/>
        <namespace kind="supplement" prefix="in130" uri="http://www.ibm.com/xmlns/prod/websphere/j2ca/jdbc/dboras_cancellation_optionlistbg"/>
        <namespace kind="supplement" prefix="in251" uri="http://www.ibm.com/xmlns/prod/websphere/j2ca/jdbc/dboras_user_detailscontainer"/>
        <namespace kind="supplement" prefix="in372" uri="http://www.ibm.com/xmlns/prod/websphere/j2ca/jdbc/negativeendorsementloggingidbg"/>
        <namespace kind="supplement" prefix="in493" uri="http://www.ibm.com/xmlns/prod/websphere/j2ca/jdbc/dboras_refundupdateallinput"/>
        <namespace kind="supplement" prefix="in77" uri="http://www.ibm.com/xmlns/prod/websphere/j2ca/jdbc/appconfigbg"/>
        <namespace kind="supplement" prefix="in135" uri="http://www.ibm.com/xmlns/prod/websphere/j2ca/jdbc/dboras_policy_detailbatchresult"/>
        <namespace kind="supplement" prefix="in256" uri="http://www.ibm.com/xmlns/prod/websphere/j2ca/jdbc/dboras_reverse_feed_status_master"/>
        <namespace kind="supplement" prefix="in377" uri="http://www.ibm.com/xmlns/prod/websphere/j2ca/jdbc/dboras_scheduler_statusupdateallinputbg"/>
        <namespace kind="supplement" prefix="in498" uri="http://www.ibm.com/xmlns/prod/websphere/j2ca/jdbc/reversefeedbg"/>
        <namespace kind="supplement" prefix="in76" uri="http://www.ibm.com/xmlns/prod/websphere/j2ca/jdbc/dboras_bulk_file_logcontainer"/>
        <namespace kind="supplement" prefix="in136" uri="http://www.ibm.com/xmlns/prod/websphere/j2ca/jdbc/cancellationoptionbg"/>
        <namespace kind="supplement" prefix="in257" uri="http://www.ibm.com/xmlns/prod/websphere/j2ca/jdbc/updateccmtransactiondeatilsbg"/>
        <namespace kind="supplement" prefix="in378" uri="http://www.ibm.com/xmlns/prod/websphere/j2ca/jdbc/insureddetailsbg"/>
        <namespace kind="supplement" prefix="in79" uri="http://www.ibm.com/xmlns/prod/websphere/j2ca/jdbc/updateexcessrefunddraftid"/>
        <namespace kind="supplement" prefix="in133" uri="http://www.ibm.com/xmlns/prod/websphere/j2ca/jdbc/dboras_jobslistbg"/>
        <namespace kind="supplement" prefix="in254" uri="http://www.ibm.com/xmlns/prod/websphere/j2ca/jdbc/dboras_lobcontainer"/>
        <namespace kind="supplement" prefix="in375" uri="http://www.ibm.com/xmlns/prod/websphere/j2ca/jdbc/accountdetailscontainer"/>
        <namespace kind="supplement" prefix="in496" uri="http://www.ibm.com/xmlns/prod/websphere/j2ca/jdbc/dboras_refund_histlistbg"/>
        <namespace kind="supplement" prefix="in78" uri="http://www.ibm.com/xmlns/prod/websphere/j2ca/jdbc/dboras_cancellation_optionbg"/>
        <namespace kind="supplement" prefix="in134" uri="http://www.ibm.com/xmlns/prod/websphere/j2ca/jdbc/dboras_work_schedulebg"/>
        <namespace kind="supplement" prefix="in255" uri="http://www.ibm.com/xmlns/prod/websphere/j2ca/jdbc/dboras_ticket_documentsupdateallinputbg"/>
        <namespace kind="supplement" prefix="in376" uri="http://www.ibm.com/xmlns/prod/websphere/j2ca/jdbc/policydetailspolicynocertificatenocontainer"/>
        <namespace kind="supplement" prefix="in497" uri="http://www.ibm.com/xmlns/prod/websphere/j2ca/jdbc/dboras_lob"/>
        <namespace kind="supplement" prefix="in490" uri="http://com/ibm/j2ca/fault/afcfault"/>
        <namespace kind="supplement" prefix="in370" uri="http://www.ibm.com/xmlns/prod/websphere/j2ca/jdbc/gctransactiondetailscontainer"/>
        <namespace kind="supplement" prefix="in491" uri="http://www.ibm.com/xmlns/prod/websphere/j2ca/jdbc/dboras_gc_negative_endorsement_draft_ticketcontainer"/>
        <namespace kind="supplement" prefix="in128" uri="http://www.ibm.com/xmlns/prod/websphere/j2ca/jdbc/dboras_user_detailsupdateallinput"/>
        <namespace kind="supplement" prefix="in249" uri="http://www.ibm.com/xmlns/prod/websphere/j2ca/jdbc/negativeendorsementdraftticketbg"/>
        <namespace kind="supplement" prefix="in129" uri="http://www.ibm.com/xmlns/prod/websphere/j2ca/jdbc/bopschannelntidconfigbg"/>
        <namespace kind="supplement" prefix="in126" uri="http://www.ibm.com/xmlns/prod/websphere/j2ca/jdbc/dboras_account_masterupdateallinputbg"/>
        <namespace kind="supplement" prefix="in247" uri="http://www.ibm.com/xmlns/prod/websphere/j2ca/jdbc/dboras_document_masterupdateallinput"/>
        <namespace kind="supplement" prefix="in368" uri="http://www.ibm.com/xmlns/prod/websphere/j2ca/jdbc/dboras_bops_channel_ntid_configlistbg"/>
        <namespace kind="supplement" prefix="in489" uri="http://www.ibm.com/xmlns/prod/websphere/j2ca/jdbc/dboras_excess_refund_service"/>
        <namespace kind="supplement" prefix="in127" uri="http://www.ibm.com/xmlns/prod/websphere/j2ca/jdbc/dboras_reverse_feed_status_masterbg"/>
        <namespace kind="supplement" prefix="in248" uri="http://www.ibm.com/xmlns/prod/websphere/j2ca/jdbc/ticketdetailsbg"/>
        <namespace kind="supplement" prefix="in369" uri="http://www.ibm.com/xmlns/prod/websphere/j2ca/jdbc/negativeendorsementdraftidcontainer"/>
        <namespace kind="supplement" prefix="in120" uri="http://www.ibm.com/xmlns/prod/websphere/j2ca/jdbc/dboras_excess_refund_reverse_feed"/>
        <namespace kind="supplement" prefix="in241" uri="http://com/ibm/j2ca/fault"/>
        <namespace kind="supplement" prefix="in362" uri="http://www.ibm.com/xmlns/prod/websphere/j2ca/jdbc/dboras_reverse_feed_status_masterbatchresult"/>
        <namespace kind="supplement" prefix="in483" uri="http://www.ibm.com/xmlns/prod/websphere/j2ca/jdbc/dboras_cancellation_reasonupdateallinputbg"/>
        <namespace kind="supplement" prefix="in121" uri="http://www.ibm.com/xmlns/prod/websphere/j2ca/jdbc/dboras_icrm_service_responseupdateallinputbg"/>
        <namespace kind="supplement" prefix="in242" uri="http://www.ibm.com/xmlns/prod/websphere/j2ca/jdbc/dboras_cancellation_reason"/>
        <namespace kind="supplement" prefix="in363" uri="http://www.ibm.com/xmlns/prod/websphere/j2ca/jdbc/dboras_gc_negative_endorsement_service_loggingupdateallinputbg"/>
        <namespace kind="supplement" prefix="in484" uri="http://www.ibm.com/xmlns/prod/websphere/j2ca/jdbc/dboras_insuredcontainer"/>
        <namespace kind="supplement" prefix="in360" uri="http://www.ibm.com/xmlns/prod/websphere/j2ca/jdbc/dboras_statusupdateallinputbg"/>
        <namespace kind="supplement" prefix="in481" uri="http://www.ibm.com/xmlns/prod/websphere/j2ca/jdbc/dboras_receipt_detailbatchresult"/>
        <namespace kind="supplement" prefix="in240" uri="http://www.ibm.com/xmlns/prod/websphere/j2ca/jdbc/dboras_bulk_file_logbatchresult"/>
        <namespace kind="supplement" prefix="in361" uri="http://www.ibm.com/xmlns/prod/websphere/j2ca/jdbc/dboras_insuredbatchresult"/>
        <namespace kind="supplement" prefix="in482" uri="http://www.ibm.com/xmlns/prod/websphere/j2ca/jdbc/appconfig"/>
        <namespace kind="supplement" prefix="in124" uri="http://www.ibm.com/xmlns/prod/websphere/j2ca/jdbc/dboras_statusupdateallinput"/>
        <namespace kind="supplement" prefix="in245" uri="http://www.ibm.com/xmlns/prod/websphere/j2ca/jdbc/dboras_bulk_file_loglistbg"/>
        <namespace kind="supplement" prefix="in366" uri="http://www.ibm.com/xmlns/prod/websphere/j2ca/jdbc/dboras_ticket_histcontainer"/>
        <namespace kind="supplement" prefix="in487" uri="http://www.ibm.com/xmlns/prod/websphere/j2ca/jdbc/dboras_approvercontainer"/>
        <namespace kind="supplement" prefix="in125" uri="http://www.ibm.com/xmlns/prod/websphere/j2ca/jdbc/updaterefunddetails"/>
        <namespace kind="supplement" prefix="in246" uri="http://www.ibm.com/xmlns/prod/websphere/j2ca/jdbc/dboras_gc_negative_endorsement_draft_ticketupdateallinput"/>
        <namespace kind="supplement" prefix="in367" uri="http://www.ibm.com/xmlns/prod/websphere/j2ca/jdbc/dboras_bank_detailsupdateallinput"/>
        <namespace kind="supplement" prefix="in488" uri="http://www.ibm.com/xmlns/prod/websphere/j2ca/jdbc/dboras_statusbg"/>
        <namespace kind="supplement" prefix="in122" uri="http://www.ibm.com/xmlns/prod/websphere/j2ca/jdbc/dboras_excess_refund_reverse_feedcontainer"/>
        <namespace kind="supplement" prefix="in243" uri="http://www.ibm.com/xmlns/prod/websphere/j2ca/jdbc/dboras_lobupdateallinput"/>
        <namespace kind="supplement" prefix="in364" uri="http://www.ibm.com/xmlns/prod/websphere/j2ca/jdbc/dboras_report_accesscontainer"/>
        <namespace kind="supplement" prefix="in485" uri="http://www.ibm.com/xmlns/prod/websphere/j2ca/jdbc/updateappcongfigslnobg"/>
        <namespace kind="supplement" prefix="in123" uri="http://www.ibm.com/xmlns/prod/websphere/j2ca/jdbc/dboras_cancellation_optionupdateallinput"/>
        <namespace kind="supplement" prefix="in244" uri="http://www.ibm.com/xmlns/prod/websphere/j2ca/jdbc/dboras_error_code_masterlistbg"/>
        <namespace kind="supplement" prefix="in365" uri="http://www.ibm.com/xmlns/prod/websphere/j2ca/jdbc/negativeendorsementproductname"/>
        <namespace kind="supplement" prefix="in486" uri="http://www.ibm.com/xmlns/prod/websphere/j2ca/jdbc/dboras_account_detail"/>
        <namespace kind="supplement" prefix="in480" uri="http://www.ibm.com/xmlns/prod/websphere/j2ca/jdbc/dboras_policy_detaillist"/>
        <namespace kind="supplement" prefix="in117" uri="http://www.ibm.com/xmlns/prod/websphere/j2ca/jdbc/dboras_bulk_file_log"/>
        <namespace kind="supplement" prefix="in238" uri="http://www.ibm.com/xmlns/prod/websphere/j2ca/jdbc/negativeendorsementloggingidcontainer"/>
        <namespace kind="supplement" prefix="in359" uri="http://www.ibm.com/xmlns/prod/websphere/j2ca/jdbc/dboras_app_config"/>
        <namespace kind="supplement" prefix="in118" uri="http://www.ibm.com/xmlns/prod/websphere/j2ca/jdbc/dboras_icrm_service_responsebatchresult"/>
        <namespace kind="supplement" prefix="in239" uri="http://www.ibm.com/xmlns/prod/websphere/j2ca/jdbc/ccmrequestid"/>
        <namespace kind="supplement" prefix="in115" uri="http://www.ibm.com/xmlns/prod/websphere/j2ca/jdbc/updateinsureddetails"/>
        <namespace kind="supplement" prefix="in236" uri="http://www.ibm.com/xmlns/prod/websphere/j2ca/jdbc/ticketdetailspolicyno"/>
        <namespace kind="supplement" prefix="in357" uri="http://www.ibm.com/xmlns/prod/websphere/j2ca/jdbc/gctransactiondetails"/>
        <namespace kind="supplement" prefix="in478" uri="http://www.ibm.com/xmlns/prod/websphere/j2ca/jdbc/dboras_icrm_service_responsecontainer"/>
        <namespace kind="supplement" prefix="in116" uri="http://www.ibm.com/xmlns/prod/websphere/j2ca/jdbc/dboras_bulk_file_logbg"/>
        <namespace kind="supplement" prefix="in237" uri="http://www.ibm.com/xmlns/prod/websphere/j2ca/jdbc/dboras_cancellation_reasonlistbg"/>
        <namespace kind="supplement" prefix="in358" uri="http://www.ibm.com/xmlns/prod/websphere/j2ca/jdbc/updateexcessrefundservicebg"/>
        <namespace kind="supplement" prefix="in479" uri="http://www.ibm.com/xmlns/prod/websphere/j2ca/jdbc/negativeendorsementproductcodecontainer"/>
        <namespace kind="supplement" prefix="in119" uri="http://www.ibm.com/xmlns/prod/websphere/j2ca/jdbc/dboras_cancellation_reasonlist"/>
        <namespace kind="supplement" prefix="in95" uri="http://www.ibm.com/xmlns/prod/websphere/j2ca/jdbc/dboras_excess_refund_draftbg"/>
        <namespace kind="supplement" prefix="in230" uri="http://www.ibm.com/xmlns/prod/websphere/j2ca/jdbc/dboras_refund_histlist"/>
        <namespace kind="supplement" prefix="in351" uri="http://www.ibm.com/xmlns/prod/websphere/j2ca/jdbc/reversefeedstatus"/>
        <namespace kind="supplement" prefix="in472" uri="http://www.ibm.com/xmlns/prod/websphere/j2ca/jdbc/dboras_valid_proposal_statusupdateallinputbg"/>
        <namespace kind="supplement" prefix="in94" uri="http://www.ibm.com/xmlns/prod/websphere/j2ca/jdbc/dboras_exception_histlistbg"/>
        <namespace kind="supplement" prefix="in110" uri="http://www.ibm.com/xmlns/prod/websphere/j2ca/jdbc/dboras_insuredlistbg"/>
        <namespace kind="supplement" prefix="in231" uri="http://www.ibm.com/xmlns/prod/websphere/j2ca/jdbc/dboras_exception_hist"/>
        <namespace kind="supplement" prefix="in352" uri="http://www.ibm.com/xmlns/prod/websphere/j2ca/jdbc/dboras_holiday_schedulecontainer"/>
        <namespace kind="supplement" prefix="in473" uri="http://www.ibm.com/xmlns/prod/websphere/j2ca/jdbc/dboras_productcontainer"/>
        <namespace kind="supplement" prefix="in97" uri="http://www.ibm.com/xmlns/prod/websphere/j2ca/jdbc/dboras_refundbg"/>
        <namespace kind="supplement" prefix="in470" uri="http://www.ibm.com/xmlns/prod/websphere/j2ca/jdbc/negativeendorsementdraftid"/>
        <namespace kind="supplement" prefix="in96" uri="http://www.ibm.com/xmlns/prod/websphere/j2ca/jdbc/policydetailsbg"/>
        <namespace kind="supplement" prefix="in350" uri="http://www.ibm.com/xmlns/prod/websphere/j2ca/jdbc/ticketdetails"/>
        <namespace kind="supplement" prefix="in471" uri="http://www.ibm.com/xmlns/prod/websphere/j2ca/jdbc/bankdetails"/>
        <namespace kind="supplement" prefix="in99" uri="http://www.ibm.com/xmlns/prod/websphere/j2ca/jdbc/dboras_excess_refund_serviceupdateallinput"/>
        <namespace kind="supplement" prefix="in113" uri="http://www.ibm.com/xmlns/prod/websphere/j2ca/jdbc/reversefeed"/>
        <namespace kind="supplement" prefix="in234" uri="http://www.ibm.com/xmlns/prod/websphere/j2ca/jdbc/dboras_receipt_detaillist"/>
        <namespace kind="supplement" prefix="in355" uri="http://www.ibm.com/xmlns/prod/websphere/j2ca/jdbc/dboras_document_master"/>
        <namespace kind="supplement" prefix="in476" uri="http://www.ibm.com/xmlns/prod/websphere/j2ca/jdbc/policydetailspolicynocertificateno"/>
        <namespace kind="supplement" prefix="in98" uri="http://www.ibm.com/xmlns/prod/websphere/j2ca/jdbc/negativeendorsementproductnamecontainer"/>
        <namespace kind="supplement" prefix="in114" uri="http://www.ibm.com/xmlns/prod/websphere/j2ca/jdbc/reversefeedidcontainer"/>
        <namespace kind="supplement" prefix="in235" uri="http://www.ibm.com/xmlns/prod/websphere/j2ca/jdbc/dboras_holiday_scheduleupdateallinputbg"/>
        <namespace kind="supplement" prefix="in356" uri="http://www.ibm.com/xmlns/prod/websphere/j2ca/jdbc/dboras_document_masterbg"/>
        <namespace kind="supplement" prefix="in477" uri="http://www.ibm.com/xmlns/prod/websphere/j2ca/jdbc/dboras_reverse_feed_status_masterlist"/>
        <namespace kind="supplement" prefix="in111" uri="http://www.ibm.com/xmlns/prod/websphere/j2ca/jdbc/updateticketdetails"/>
        <namespace kind="supplement" prefix="in232" uri="http://www.ibm.com/xmlns/prod/websphere/j2ca/jdbc/dboras_approverlistbg"/>
        <namespace kind="supplement" prefix="in353" uri="http://www.ibm.com/xmlns/prod/websphere/j2ca/jdbc/dboras_refundlist"/>
        <namespace kind="supplement" prefix="in474" uri="http://www.ibm.com/xmlns/prod/websphere/j2ca/jdbc/accountdetailsbg"/>
        <namespace kind="supplement" prefix="in112" uri="http://www.ibm.com/xmlns/prod/websphere/j2ca/jdbc/negativeendorsementmastercontainer"/>
        <namespace kind="supplement" prefix="in233" uri="http://www.ibm.com/xmlns/prod/websphere/j2ca/jdbc/dboras_bank_detailscontainer"/>
        <namespace kind="supplement" prefix="in354" uri="http://www.ibm.com/xmlns/prod/websphere/j2ca/jdbc/dboras_account_detail_histupdateallinput"/>
        <namespace kind="supplement" prefix="in475" uri="http://www.ibm.com/xmlns/prod/websphere/j2ca/jdbc/dboras_report_accessbg"/>
        <namespace kind="supplement" prefix="in106" uri="http://www.ibm.com/xmlns/prod/websphere/j2ca/jdbc/updateappconfig"/>
        <namespace kind="supplement" prefix="in227" uri="http://www.ibm.com/xmlns/prod/websphere/j2ca/jdbc/draftidcontainer"/>
        <namespace kind="supplement" prefix="in348" uri="http://www.ibm.com/xmlns/prod/websphere/j2ca/jdbc/gctransactionidbg"/>
        <namespace kind="supplement" prefix="in469" uri="http://www.ibm.com/xmlns/prod/websphere/j2ca/jdbc/updateexcessrefunddraftbg"/>
        <namespace kind="supplement" prefix="in107" uri="http://www.ibm.com/xmlns/prod/websphere/j2ca/jdbc/dboras_account_masterlistbg"/>
        <namespace kind="supplement" prefix="in228" uri="http://www.ibm.com/xmlns/prod/websphere/j2ca/jdbc/userdetailsbg"/>
        <namespace kind="supplement" prefix="in349" uri="http://www.ibm.com/xmlns/prod/websphere/j2ca/jdbc/dboras_refund_hist"/>
        <namespace kind="supplement" prefix="in104" uri="http://www.ibm.com/xmlns/prod/websphere/j2ca/jdbc/dboras_cancellation_reasonupdateallinput"/>
        <namespace kind="supplement" prefix="in225" uri="http://www.ibm.com/xmlns/prod/websphere/j2ca/jdbc/dboras_ticket_documentslist"/>
        <namespace kind="supplement" prefix="in346" uri="http://www.ibm.com/xmlns/prod/websphere/j2ca/jdbc/dboras_account_detailupdateallinputbg"/>
        <namespace kind="supplement" prefix="in467" uri="http://www.ibm.com/xmlns/prod/websphere/j2ca/jdbc/dboras_error_code_masterupdateallinput"/>
        <namespace kind="supplement" prefix="in105" uri="http://www.ibm.com/xmlns/prod/websphere/j2ca/jdbc/serviceidbg"/>
        <namespace kind="supplement" prefix="in226" uri="http://www.ibm.com/xmlns/prod/websphere/j2ca/jdbc/dboras_ticketupdateallinput"/>
        <namespace kind="supplement" prefix="in347" uri="http://www.ibm.com/xmlns/prod/websphere/j2ca/jdbc/dboras_app_configbg"/>
        <namespace kind="supplement" prefix="in468" uri="http://www.ibm.com/xmlns/prod/websphere/j2ca/jdbc/updateappconfigbg"/>
        <namespace kind="supplement" prefix="in108" uri="http://www.ibm.com/xmlns/prod/websphere/j2ca/jdbc/receiptdetailsbg"/>
        <namespace kind="supplement" prefix="in229" uri="http://www.ibm.com/xmlns/prod/websphere/j2ca/jdbc/dboras_account_detail_histlist"/>
        <namespace kind="supplement" prefix="in109" uri="http://www.ibm.com/xmlns/prod/websphere/j2ca/jdbc/dboras_account_detailupdateallinput"/>
        <namespace kind="supplement" prefix="in340" uri="http://www.ibm.com/xmlns/prod/websphere/j2ca/jdbc/draftticket"/>
        <namespace kind="supplement" prefix="in461" uri="http://www.ibm.com/xmlns/prod/websphere/j2ca/jdbc/dboras_bops_channel_ntid_configbatchresult"/>
        <namespace kind="supplement" prefix="in220" uri="http://www.ibm.com/xmlns/prod/websphere/j2ca/jdbc/dboras_product"/>
        <namespace kind="supplement" prefix="in341" uri="http://www.ibm.com/xmlns/prod/websphere/j2ca/jdbc/updategctransactiondetailsbg"/>
        <namespace kind="supplement" prefix="in462" uri="http://www.ibm.com/xmlns/prod/websphere/j2ca/jdbc/dboras_bank_detailsbatchresult"/>
        <namespace kind="supplement" prefix="in460" uri="http://www.ibm.com/xmlns/prod/websphere/j2ca/jdbc/dboras_valid_proposal_statuscontainer"/>
        <namespace kind="supplement" prefix="in102" uri="http://www.ibm.com/xmlns/prod/websphere/j2ca/jdbc/dboras_ticket_documentslistbg"/>
        <namespace kind="supplement" prefix="in223" uri="http://www.ibm.com/xmlns/prod/websphere/j2ca/jdbc/dboras_bank_detailslist"/>
        <namespace kind="supplement" prefix="in344" uri="http://www.ibm.com/xmlns/prod/websphere/j2ca/jdbc/dboras_approverupdateallinputbg"/>
        <namespace kind="supplement" prefix="in465" uri="http://www.ibm.com/xmlns/prod/websphere/j2ca/jdbc/dboras_account_detaillist"/>
        <namespace kind="supplement" prefix="in103" uri="http://www.ibm.com/xmlns/prod/websphere/j2ca/jdbc/reversefeedid"/>
        <namespace kind="supplement" prefix="in224" uri="http://www.ibm.com/xmlns/prod/websphere/j2ca/jdbc/dboras_reverse_feed_status_mastercontainer"/>
        <namespace kind="supplement" prefix="in345" uri="http://www.ibm.com/xmlns/prod/websphere/j2ca/jdbc/ticketdetailsreceiptnocontainer"/>
        <namespace kind="supplement" prefix="in466" uri="http://www.ibm.com/xmlns/prod/websphere/j2ca/jdbc/ticketdetailsreceiptnobg"/>
        <namespace kind="supplement" prefix="in100" uri="http://www.ibm.com/xmlns/prod/websphere/j2ca/jdbc/dboras_receipt_detailcontainer"/>
        <namespace kind="supplement" prefix="in221" uri="http://www.ibm.com/xmlns/prod/websphere/j2ca/jdbc/dboras_account_masterupdateallinput"/>
        <namespace kind="supplement" prefix="in342" uri="http://www.ibm.com/xmlns/prod/websphere/j2ca/jdbc/dboras_approval_gridupdateallinput"/>
        <namespace kind="supplement" prefix="in463" uri="http://www.ibm.com/xmlns/prod/websphere/j2ca/jdbc/dboras_ticketupdateallinputbg"/>
        <namespace kind="supplement" prefix="in101" uri="http://www.ibm.com/xmlns/prod/websphere/j2ca/jdbc/dboras_gc_negative_endorsement_draft_ticketlist"/>
        <namespace kind="supplement" prefix="in222" uri="http://www.ibm.com/xmlns/prod/websphere/j2ca/jdbc/dboras_ticket_histbatchresult"/>
        <namespace kind="supplement" prefix="in343" uri="http://www.ibm.com/xmlns/prod/websphere/j2ca/jdbc/refunddetailscontainer"/>
        <namespace kind="supplement" prefix="in464" uri="http://www.ibm.com/xmlns/prod/websphere/j2ca/jdbc/dboras_excess_refund_reverse_feedbg"/>
        <namespace kind="supplement" prefix="in216" uri="http://www.ibm.com/xmlns/prod/websphere/j2ca/jdbc/dboras_lobbatchresult"/>
        <namespace kind="supplement" prefix="in337" uri="http://www.ibm.com/xmlns/prod/websphere/j2ca/jdbc/dboras_gc_negative_endorsement_service_logging"/>
        <namespace kind="supplement" prefix="in458" uri="http://www.ibm.com/xmlns/prod/websphere/j2ca/jdbc/dboras_ticket_histlist"/>
        <namespace kind="supplement" prefix="in217" uri="http://www.ibm.com/xmlns/prod/websphere/j2ca/jdbc/dboras_approverupdateallinput"/>
        <namespace kind="supplement" prefix="in338" uri="http://www.ibm.com/xmlns/prod/websphere/j2ca/jdbc/dboras_account_masterbatchresult"/>
        <namespace kind="supplement" prefix="in459" uri="http://www.ibm.com/xmlns/prod/websphere/j2ca/jdbc/refunddetailsbg"/>
        <namespace kind="supplement" prefix="in214" uri="http://www.ibm.com/xmlns/prod/websphere/j2ca/jdbc/dboras_account_masterbg"/>
        <namespace kind="supplement" prefix="in335" uri="http://www.ibm.com/xmlns/prod/websphere/j2ca/jdbc/negativeendorsementdraftno"/>
        <namespace kind="supplement" prefix="in456" uri="http://www.ibm.com/xmlns/prod/websphere/j2ca/jdbc/dboras_productbatchresult"/>
        <namespace kind="supplement" prefix="in215" uri="http://www.ibm.com/xmlns/prod/websphere/j2ca/jdbc/dboras_user_detailsbg"/>
        <namespace kind="supplement" prefix="in336" uri="http://www.ibm.com/xmlns/prod/websphere/j2ca/jdbc/dboras_exception_histcontainer"/>
        <namespace kind="supplement" prefix="in457" uri="http://www.ibm.com/xmlns/prod/websphere/j2ca/jdbc/negativeendorsementmaster"/>
        <namespace kind="supplement" prefix="in218" uri="http://www.ibm.com/xmlns/prod/websphere/j2ca/jdbc/updatedrafterrordetailsbg"/>
        <namespace kind="supplement" prefix="in339" uri="http://www.ibm.com/xmlns/prod/websphere/j2ca/jdbc/dboras_insuredbg"/>
        <namespace kind="supplement" prefix="in219" uri="http://www.ibm.com/xmlns/prod/websphere/j2ca/jdbc/dboras_excess_refund_servicebg"/>
        <namespace kind="supplement" prefix="in450" uri="http://www.ibm.com/xmlns/prod/websphere/j2ca/jdbc/dboras_uploaded_filecontainer"/>
        <namespace kind="supplement" prefix="in330" uri="http://www.ibm.com/xmlns/prod/websphere/j2ca/jdbc/dboras_scheduler_status"/>
        <namespace kind="supplement" prefix="in451" uri="http://www.ibm.com/xmlns/prod/websphere/j2ca/jdbc/dboras_loblist"/>
        <namespace kind="supplement" prefix="in212" uri="http://www.ibm.com/xmlns/prod/websphere/j2ca/jdbc/dboras_ticket_hist"/>
        <namespace kind="supplement" prefix="in333" uri="http://www.ibm.com/xmlns/prod/websphere/j2ca/jdbc/dboras_refund_histbatchresult"/>
        <namespace kind="supplement" prefix="in454" uri="http://www.ibm.com/xmlns/prod/websphere/j2ca/jdbc/dboras_ticketbatchresult"/>
        <namespace kind="supplement" prefix="in213" uri="http://www.ibm.com/xmlns/prod/websphere/j2ca/jdbc/insureddetails"/>
        <namespace kind="supplement" prefix="in334" uri="http://www.ibm.com/xmlns/prod/websphere/j2ca/jdbc/serviceidcontainer"/>
        <namespace kind="supplement" prefix="in455" uri="http://www.ibm.com/xmlns/prod/websphere/j2ca/jdbc/dboras_excess_refund_reverse_feedlist"/>
        <namespace kind="supplement" prefix="in210" uri="http://www.ibm.com/xmlns/prod/websphere/j2ca/jdbc/dboras_policy_detailupdateallinputbg"/>
        <namespace kind="supplement" prefix="in331" uri="http://www.ibm.com/xmlns/prod/websphere/j2ca/jdbc/updateexcessrefundreversefeed"/>
        <namespace kind="supplement" prefix="in452" uri="http://www.ibm.com/xmlns/prod/websphere/j2ca/jdbc/updaterefunddetailsbg"/>
        <namespace kind="supplement" prefix="in211" uri="http://www.ibm.com/xmlns/prod/websphere/j2ca/jdbc/updatedrafterrordetails"/>
        <namespace kind="supplement" prefix="in332" uri="http://www.ibm.com/xmlns/prod/websphere/j2ca/jdbc/dboras_account_detail_histbatchresult"/>
        <namespace kind="supplement" prefix="in453" uri="http://www.ibm.com/xmlns/prod/websphere/j2ca/jdbc/dboras_gc_transactionbatchresult"/>
        <namespace kind="supplement" prefix="in205" uri="http://www.ibm.com/xmlns/prod/websphere/j2ca/jdbc/dboras_gc_negative_endorsement_service_loggingcontainer"/>
        <namespace kind="supplement" prefix="in326" uri="http://www.ibm.com/xmlns/prod/websphere/j2ca/jdbc/dboras_scheduler_statusbg"/>
        <namespace kind="supplement" prefix="in447" uri="http://www.ibm.com/xmlns/prod/websphere/j2ca/jdbc/dboras_approverbg"/>
        <namespace kind="supplement" prefix="in206" uri="http://www.ibm.com/xmlns/prod/websphere/j2ca/jdbc/dboras_approverlist"/>
        <namespace kind="supplement" prefix="in327" uri="http://www.ibm.com/xmlns/prod/websphere/j2ca/jdbc/dboras_insured"/>
        <namespace kind="supplement" prefix="in448" uri="http://www.ibm.com/xmlns/prod/websphere/j2ca/jdbc/documentmatrixcontainer"/>
        <namespace kind="supplement" prefix="in203" uri="http://www.ibm.com/xmlns/prod/websphere/j2ca/jdbc/dboras_approval_gridbatchresult"/>
        <namespace kind="supplement" prefix="in324" uri="http://www.ibm.com/xmlns/prod/websphere/j2ca/jdbc/dboras_productupdateallinput"/>
        <namespace kind="supplement" prefix="in445" uri="http://www.ibm.com/xmlns/prod/websphere/j2ca/jdbc/dboras_ticket_documents"/>
        <namespace kind="supplement" prefix="in204" uri="http://www.ibm.com/xmlns/prod/websphere/j2ca/jdbc/dboras_bulk_file_logupdateallinputbg"/>
        <namespace kind="supplement" prefix="in325" uri="http://www.ibm.com/xmlns/prod/websphere/j2ca/jdbc/updateexcessrefunddraft"/>
        <namespace kind="supplement" prefix="in446" uri="http://www.ibm.com/xmlns/prod/websphere/j2ca/jdbc/dboras_approval_gridlist"/>
        <namespace kind="supplement" prefix="in209" uri="http://www.ibm.com/xmlns/prod/websphere/j2ca/jdbc/dboras_account_masterlist"/>
        <namespace kind="supplement" prefix="in207" uri="http://www.ibm.com/xmlns/prod/websphere/j2ca/jdbc/dboras_productlist"/>
        <namespace kind="supplement" prefix="in328" uri="http://www.ibm.com/xmlns/prod/websphere/j2ca/jdbc/dboras_policy_detail"/>
        <namespace kind="supplement" prefix="in449" uri="http://www.ibm.com/xmlns/prod/websphere/j2ca/jdbc/dboras_document_masterbatchresult"/>
        <namespace kind="supplement" prefix="in208" uri="http://www.ibm.com/xmlns/prod/websphere/j2ca/jdbc/negativeendorsementmasterbg"/>
        <namespace kind="supplement" prefix="in329" uri="http://www.ibm.com/xmlns/prod/websphere/j2ca/jdbc/dboras_icrm_service_responselistbg"/>
        <namespace kind="supplement" prefix="in440" uri="http://www.ibm.com/xmlns/prod/websphere/j2ca/jdbc/dboras_bops_channel_ntid_configcontainer"/>
        <namespace kind="supplement" prefix="in201" uri="http://www.ibm.com/xmlns/prod/websphere/j2ca/jdbc/dboras_approval_grid"/>
        <namespace kind="supplement" prefix="in322" uri="http://www.ibm.com/xmlns/prod/websphere/j2ca/jdbc/dboras_work_schedulelist"/>
        <namespace kind="supplement" prefix="in443" uri="http://www.ibm.com/xmlns/prod/websphere/j2ca/jdbc/updatenegativeendorsementserviceloggingbg"/>
        <namespace kind="supplement" prefix="in202" uri="http://www.ibm.com/xmlns/prod/websphere/j2ca/jdbc/dboras_bank_detailsbg"/>
        <namespace kind="supplement" prefix="in323" uri="http://www.ibm.com/xmlns/prod/websphere/j2ca/jdbc/dboras_jobsupdateallinput"/>
        <namespace kind="supplement" prefix="in444" uri="http://www.ibm.com/xmlns/prod/websphere/j2ca/jdbc/dboras_icrm_service_responselist"/>
        <namespace kind="supplement" prefix="in320" uri="http://www.ibm.com/xmlns/prod/websphere/j2ca/jdbc/accountdetails"/>
        <namespace kind="supplement" prefix="in441" uri="http://www.ibm.com/xmlns/prod/websphere/j2ca/jdbc/dboras_reverse_feed_status_masterlistbg"/>
        <namespace kind="supplement" prefix="in200" uri="http://www.ibm.com/xmlns/prod/websphere/j2ca/jdbc/dboras_valid_proposal_status"/>
        <namespace kind="supplement" prefix="in321" uri="http://www.ibm.com/xmlns/prod/websphere/j2ca/jdbc/dboras_gc_transactionlist"/>
        <namespace kind="supplement" prefix="in442" uri="http://www.ibm.com/xmlns/prod/websphere/j2ca/jdbc/dboras_excess_refund_reverse_feedbatchresult"/>
        <namespace kind="supplement" prefix="in315" uri="http://www.ibm.com/xmlns/prod/websphere/j2ca/jdbc/dboras_gc_negative_endorsement_draft_ticketbatchresult"/>
        <namespace kind="supplement" prefix="in436" uri="http://www.ibm.com/xmlns/prod/websphere/j2ca/jdbc/dboras_uploaded_file"/>
        <namespace kind="supplement" prefix="in316" uri="http://www.ibm.com/xmlns/prod/websphere/j2ca/jdbc/dboras_work_scheduleupdateallinputbg"/>
        <namespace kind="supplement" prefix="in437" uri="http://www.ibm.com/xmlns/prod/websphere/j2ca/jdbc/dboras_account_mastercontainer"/>
        <namespace kind="supplement" prefix="in313" uri="http://www.ibm.com/xmlns/prod/websphere/j2ca/jdbc/product"/>
        <namespace kind="supplement" prefix="in434" uri="http://www.ibm.com/xmlns/prod/websphere/j2ca/jdbc/bulkoperationresult/updateallresult"/>
        <namespace kind="supplement" prefix="in314" uri="http://www.ibm.com/xmlns/prod/websphere/j2ca/jdbc/dboras_work_schedulebatchresult"/>
        <namespace kind="supplement" prefix="in435" uri="http://www.ibm.com/xmlns/prod/websphere/j2ca/jdbc/dboras_gc_negative_endorsement_service_loggingupdateallinput"/>
        <namespace kind="supplement" prefix="in2" uri="http://www.ibm.com/xmlns/prod/websphere/j2ca/jdbc/negativeendorsementloggingid"/>
        <namespace kind="supplement" prefix="in319" uri="http://www.ibm.com/xmlns/prod/websphere/j2ca/jdbc/dboras_uploaded_fileupdateallinputbg"/>
        <namespace kind="supplement" prefix="in4" uri="http://www.ibm.com/xmlns/prod/websphere/j2ca/jdbc/dboras_gc_transactioncontainer"/>
        <namespace kind="supplement" prefix="in317" uri="http://www.ibm.com/xmlns/prod/websphere/j2ca/jdbc/dboras_jobs"/>
        <namespace kind="supplement" prefix="in438" uri="http://www.ibm.com/xmlns/prod/websphere/j2ca/jdbc/dboras_document_masterlistbg"/>
        <namespace kind="supplement" prefix="in3" uri="http://www.ibm.com/xmlns/prod/websphere/j2ca/jdbc/dboras_account_master"/>
        <namespace kind="supplement" prefix="in318" uri="http://www.ibm.com/xmlns/prod/websphere/j2ca/jdbc/dboras_refundupdateallinputbg"/>
        <namespace kind="supplement" prefix="in439" uri="http://www.ibm.com/xmlns/prod/websphere/j2ca/jdbc/dboras_bank_detailsupdateallinputbg"/>
        <namespace kind="supplement" prefix="in6" uri="http://www.ibm.com/xmlns/prod/websphere/j2ca/jdbc/dboras_account_detail_hist"/>
        <namespace kind="supplement" prefix="in5" uri="http://www.ibm.com/xmlns/prod/websphere/j2ca/jdbc/cancellationreason"/>
        <namespace kind="supplement" prefix="in8" uri="http://www.ibm.com/xmlns/prod/websphere/j2ca/jdbc/dboras_report_accessupdateallinput"/>
        <namespace kind="supplement" prefix="in7" uri="http://www.ibm.com/xmlns/prod/websphere/j2ca/jdbc/receiptdetailscontainer"/>
        <namespace kind="supplement" prefix="in311" uri="http://www.ibm.com/xmlns/prod/websphere/j2ca/jdbc/dboras_excess_refund_draftupdateallinputbg"/>
        <namespace kind="supplement" prefix="in432" uri="http://www.ibm.com/xmlns/prod/websphere/j2ca/jdbc/dboras_holiday_schedule"/>
        <namespace kind="supplement" prefix="in9" uri="http://www.ibm.com/xmlns/prod/websphere/j2ca/jdbc/dboras_icrm_service_response"/>
        <namespace kind="supplement" prefix="in312" uri="http://www.ibm.com/xmlns/prod/websphere/j2ca/jdbc/policydetailspolicynolanno"/>
        <namespace kind="supplement" prefix="in433" uri="http://www.ibm.com/xmlns/prod/websphere/j2ca/jdbc/dboras_scheduler_statuslistbg"/>
        <namespace kind="supplement" prefix="in430" uri="http://www.ibm.com/xmlns/prod/websphere/j2ca/jdbc/gctransactionid"/>
        <namespace kind="supplement" prefix="in310" uri="http://www.ibm.com/xmlns/prod/websphere/j2ca/jdbc/dboras_account_detailbatchresult"/>
        <namespace kind="supplement" prefix="in431" uri="http://www.ibm.com/xmlns/prod/websphere/j2ca/jdbc/dboras_cancellation_optionupdateallinputbg"/>
        <namespace kind="supplement" prefix="in304" uri="http://www.ibm.com/xmlns/prod/websphere/j2ca/jdbc/dboras_jobsbatchresult"/>
        <namespace kind="supplement" prefix="in425" uri="http://www.ibm.com/xmlns/prod/websphere/j2ca/jdbc/updatenegativeendorsementdraftticketdetailsbg"/>
        <namespace kind="supplement" prefix="in305" uri="http://www.ibm.com/xmlns/prod/websphere/j2ca/jdbc/dboras_cancellation_option"/>
        <namespace kind="supplement" prefix="in426" uri="http://www.ibm.com/xmlns/prod/websphere/j2ca/jdbc/updatetransactioncount"/>
        <namespace kind="supplement" prefix="in302" uri="http://www.ibm.com/xmlns/prod/websphere/j2ca/jdbc/reversefeedcontainer"/>
        <namespace kind="supplement" prefix="in423" uri="http://www.ibm.com/xmlns/prod/websphere/j2ca/jdbc/dboras_lobbg"/>
        <namespace kind="supplement" prefix="in303" uri="http://www.ibm.com/xmlns/prod/websphere/j2ca/jdbc/dboras_document_mastercontainer"/>
        <namespace kind="supplement" prefix="in424" uri="http://www.ibm.com/xmlns/prod/websphere/j2ca/jdbc/negativeendorsementdraftnobg"/>
        <namespace kind="supplement" prefix="io3" uri="http://schemas.xmlsoap.org/ws/2004/08/addressing"/>
        <namespace kind="supplement" prefix="in308" uri="http://www.ibm.com/xmlns/prod/websphere/j2ca/jdbc/dboras_exception_histbatchresult"/>
        <namespace kind="supplement" prefix="in429" uri="http://www.ibm.com/xmlns/prod/websphere/j2ca/jdbc/dboras_refundcontainer"/>
        <namespace kind="supplement" prefix="io2" uri="http://www.w3.org/2003/05/soap-envelope"/>
        <namespace kind="supplement" prefix="in309" uri="http://www.ibm.com/xmlns/prod/websphere/j2ca/jdbc/dboras_excess_refund_reverse_feedupdateallinput"/>
        <namespace kind="supplement" prefix="in306" uri="http://www.ibm.com/xmlns/prod/websphere/j2ca/jdbc/dboras_uploaded_filelistbg"/>
        <namespace kind="supplement" prefix="io5" uri="http://www.ibm.com/xmlns/prod/websphere/mq/sca/6.0.0"/>
        <namespace kind="supplement" prefix="in427" uri="http://www.ibm.com/xmlns/prod/websphere/j2ca/jdbc/dboras_uploaded_fileupdateallinput"/>
        <namespace kind="supplement" prefix="io4" uri="http://www.ibm.com/websphere/sibx/smo/v6.0.1"/>
        <namespace kind="supplement" prefix="in307" uri="http://www.ibm.com/xmlns/prod/websphere/j2ca/jdbc/dboras_cancellation_reasonbatchresult"/>
        <namespace kind="supplement" prefix="in428" uri="http://www.ibm.com/xmlns/prod/websphere/bo/6.0.0"/>
        <namespace kind="supplement" prefix="io6" uri="http://www.ibm.com/xmlns/prod/websphere/http/sca/6.1.0"/>
        <namespace kind="supplement" prefix="in300" uri="http://www.ibm.com/xmlns/prod/websphere/j2ca/jdbc/draftnocontainer"/>
        <namespace kind="supplement" prefix="in421" uri="http://www.ibm.com/xmlns/prod/websphere/j2ca/jdbc/dboras_insuredlist"/>
        <namespace kind="supplement" prefix="in301" uri="http://www.ibm.com/xmlns/prod/websphere/j2ca/jdbc/dboras_jobscontainer"/>
        <namespace kind="supplement" prefix="in422" uri="http://www.ibm.com/xmlns/prod/websphere/j2ca/jdbc/dboras_report_accesslistbg"/>
        <namespace kind="supplement" prefix="in420" uri="http://www.ibm.com/xmlns/prod/websphere/j2ca/jdbc/dboras_icrm_service_responseupdateallinput"/>
        <namespace kind="supplement" prefix="in414" uri="http://www.ibm.com/xmlns/prod/websphere/j2ca/jdbc/negativeendorsementlobcontainer"/>
        <namespace kind="supplement" prefix="in415" uri="http://www.ibm.com/xmlns/prod/websphere/j2ca/jdbc/cancellationoption"/>
        <namespace kind="supplement" prefix="in412" uri="http://www.ibm.com/xmlns/prod/websphere/j2ca/jdbc/dboras_ticket_documentsbg"/>
        <namespace kind="supplement" prefix="in413" uri="http://www.ibm.com/xmlns/prod/websphere/j2ca/jdbc/bopschannelntidconfig"/>
        <namespace kind="supplement" prefix="in418" uri="http://www.ibm.com/xmlns/prod/websphere/j2ca/jdbc/dboras_error_code_masterlist"/>
        <namespace kind="supplement" prefix="in419" uri="http://www.ibm.com/xmlns/prod/websphere/j2ca/jdbc/draftticketidbg"/>
        <namespace kind="supplement" prefix="in416" uri="http://www.ibm.com/xmlns/prod/websphere/j2ca/jdbc/updatereceiptdetailsbg"/>
        <namespace kind="supplement" prefix="in417" uri="http://www.ibm.com/xmlns/prod/websphere/j2ca/jdbc/dboras_bops_channel_ntid_configupdateallinput"/>
        <namespace kind="supplement" prefix="in410" uri="http://www.ibm.com/xmlns/prod/websphere/j2ca/jdbc/dboras_ticket_documentsupdateallinput"/>
        <namespace kind="supplement" prefix="in411" uri="http://www.ibm.com/xmlns/prod/websphere/j2ca/jdbc/updatenegativeendorsementservicelogging"/>
        <namespace kind="supplement" prefix="out2" uri="http://RACASBO"/>
        <namespace kind="supplement" prefix="out3" uri="wsdl.http://TicketDomain-v1.0.0/HandleGeneral"/>
        <namespace kind="supplement" prefix="out" uri="http://TicketDomain-v1.0.0/HandleGeneral"/>
    </namespaces>
    <mappingDeclaration name="output_map_res_2">
        <input path="body"/>
        <output path="body"/>
        <move automap="true">
            <input path="createDboRas_Exception_HistBGResponse/createDboRas_Exception_HistBGOutput/DboRas_Exception_Hist/ticket_id"/>
            <output path="saveExceptionResponse/output/ticket_id"/>
        </move>
        <move automap="true">
            <input path="createDboRas_Exception_HistBGResponse/createDboRas_Exception_HistBGOutput/DboRas_Exception_Hist/step"/>
            <output path="saveExceptionResponse/output/step"/>
        </move>
        <move automap="true">
            <input path="createDboRas_Exception_HistBGResponse/createDboRas_Exception_HistBGOutput/DboRas_Exception_Hist/service"/>
            <output path="saveExceptionResponse/output/service"/>
        </move>
        <move automap="true">
            <input path="createDboRas_Exception_HistBGResponse/createDboRas_Exception_HistBGOutput/DboRas_Exception_Hist/error_code"/>
            <output path="saveExceptionResponse/output/error_code"/>
        </move>
        <move automap="true">
            <input path="createDboRas_Exception_HistBGResponse/createDboRas_Exception_HistBGOutput/DboRas_Exception_Hist/error_data"/>
            <output path="saveExceptionResponse/output/error_data"/>
        </move>
        <move automap="true">
            <input path="createDboRas_Exception_HistBGResponse/createDboRas_Exception_HistBGOutput/DboRas_Exception_Hist/completed_by"/>
            <output path="saveExceptionResponse/output/completed_by"/>
        </move>
        <move automap="true">
            <input path="createDboRas_Exception_HistBGResponse/createDboRas_Exception_HistBGOutput/DboRas_Exception_Hist/completed_on"/>
            <output path="saveExceptionResponse/output/completed_on"/>
        </move>
        <move automap="true">
            <input path="createDboRas_Exception_HistBGResponse/createDboRas_Exception_HistBGOutput/DboRas_Exception_Hist/id"/>
            <output path="saveExceptionResponse/output/id"/>
        </move>
        <move automap="true">
            <input path="createDboRas_Exception_HistBGResponse/createDboRas_Exception_HistBGOutput/DboRas_Exception_Hist/request"/>
            <output path="saveExceptionResponse/output/request"/>
        </move>
    </mappingDeclaration>
</mappingRoot>